// Jest Snapshot v1, https://goo.gl/fbAQLP

exports[`Button renders correctly 1`] = `
<Button>
  <glamorous(button)
    size="regular"
  >
    <button
      className="css-nil"
    />
  </glamorous(button)>
</Button>
`;
