// Jest Snapshot v1, https://goo.gl/fbAQLP

exports[`HelloWorld renders correctly 1`] = `
<HelloWorld>
  <div>
    <Hello>
      <glamorous(span)>
        <span
          className="css-nil"
        >
          Hello
        </span>
      </glamorous(span)>
    </Hello>
    <World>
      <glamorous(span)>
        <span
          className="css-nil"
        >
          World
        </span>
      </glamorous(span)>
    </World>
  </div>
</HelloWorld>
`;
