// Jest Snapshot v1, https://goo.gl/fbAQLP

exports[`World renders correctly 1`] = `
<World>
  <glamorous(span)>
    <span
      className="css-nil"
    >
      World
    </span>
  </glamorous(span)>
</World>
`;
