// Jest Snapshot v1, https://goo.gl/fbAQLP

exports[`snapshotSerializer Excludes verbose ThemeProvider props from snapshot 1`] = `
.css-0,
[data-css-0] {
  box-sizing: border-box;
  color: #333840;
  font-family: Open Sans, -apple-system, system-ui, BlinkMacSystemFont, "Segoe UI", Roboto, Helvetica, Arial, sans-serif, "Apple Color Emoji", "Segoe UI Emoji", "Segoe UI Symbol";
  font-size: 16px;
  line-height: 1.25;
  outline: 0;
  -moz-osx-font-smoothing: auto;
  -webkit-font-smoothing: antialiased;
  background-color: #ebeff5;
  border-color: #c8d1e0;
  border-radius: 0.1875em;
  border-style: solid;
  border-width: 1px;
  cursor: pointer;
  display: inline-block;
  font-weight: 600;
  height: 2.5em;
  min-width: 2.5em;
  padding: 0 0.5em;
  text-decoration: none;
  vertical-align: middle;
}

.css-0 *,
[data-css-0] *,
.css-0 *::before,
[data-css-0] *::before,
.css-0 *::after,
[data-css-0] *::after {
  box-sizing: inherit;
}

.css-0:focus,
[data-css-0]:focus,
.css-0[data-simulate-focus],
[data-css-0][data-simulate-focus] {
  background-color: #ebeff5;
  border-color: #fff;
  box-shadow: 0 0 0 1px #2e6fd9;
  color: #333840;
  text-decoration: none;
}

.css-0:hover,
[data-css-0]:hover,
.css-0[data-simulate-hover],
[data-css-0][data-simulate-hover] {
  background-color: #f5f7fa;
  color: #333840;
  text-decoration: none;
}

.css-0:active,
[data-css-0]:active,
.css-0[data-simulate-active],
[data-css-0][data-simulate-active] {
  background-color: #dde3ed;
  color: #333840;
}

.css-0::-moz-focus-inner,
[data-css-0]::-moz-focus-inner,
.css-0[data-simulate-mozfocusinner],
[data-css-0][data-simulate-mozfocusinner] {
  border: 0;
}

.css-0 [role="img"],
[data-css-0] [role="img"] {
  box-sizing: content-box;
  fill: #2e6fd9;
  display: block;
}

.css-0 [role="img"]:first-child,
[data-css-0] [role="img"]:first-child {
  margin-right: 0.5em;
}

.css-0 [role="img"]:last-child,
[data-css-0] [role="img"]:last-child {
  margin-left: 0.5em;
}

.css-0 [role="img"]:only-child,
[data-css-0] [role="img"]:only-child {
  margin: 0;
}

.css-14,
[data-css-14] {
  align-items: center;
  display: -webkit-inline-box;
  display: -moz-inline-box;
  display: -ms-inline-flexbox;
  display: -webkit-inline-flex;
  display: inline-flex;
  justify-content: center;
  max-height: 100%;
  width: 100%;
  -webkit-box-align: center;
  -webkit-align-items: center;
  -webkit-box-pack: center;
  -webkit-justify-content: center;
}

.css-15,
[data-css-15] {
  display: block;
  max-width: 100%;
  overflow: hidden;
  text-overflow: ellipsis;
  white-space: nowrap;
  word-wrap: normal;
  font-size: 0.875em;
  line-height: 2.857142857142857em;
}

.css-15:first-child,
[data-css-15]:first-child,
.css-15[data-simulate-firstchild],
[data-css-15][data-simulate-firstchild] {
  padding-left: 0.5714285714285714em;
}

.css-15:last-child,
[data-css-15]:last-child,
.css-15[data-simulate-lastchild],
[data-css-15][data-simulate-lastchild] {
  padding-right: 0.5714285714285714em;
}

<ThemeProvider>
  <ThemeProvider>
    <Button
      element="button"
      size="large"
      type="button"
      variant="regular"
    >
      <glamorous(button)
        element="button"
        size="large"
        text="Submit"
        type="button"
        variant="regular"
      >
        <button
          className="css-0"
          type="button"
        >
          <glamorous(span)>
            <span
              className="css-14"
            >
              <glamorous(span)
                size="large"
              >
                <span
                  className="css-15"
                >
                  Submit
                </span>
              </glamorous(span)>
            </span>
          </glamorous(span)>
        </button>
      </glamorous(button)>
    </Button>
  </ThemeProvider>
</ThemeProvider>
`;
