// Jest Snapshot v1, https://goo.gl/fbAQLP

exports[`App renders correctly 1`] = `
<glamorous(div)>
  <ThemeProvider
    theme={
      Object {
        "color_background": "#f6f6f6",
      }
    }
  >
    <glamorous(Nav)
      demos={
        Object {
          "hello": Object {
            "doc": Object {
              "default": Object {},
            },
            "examples": Array [
              Object {
                "component": [Function],
                "source": "<Hello />",
                "title": "Default",
              },
            ],
            "title": "Hello",
          },
          "hello-world": Object {
            "doc": Object {
              "default": Object {},
            },
            "examples": Array [
              Object {
                "component": [Function],
                "source": "<HelloWorld />",
                "title": "Default",
              },
            ],
            "title": "HelloWorld",
          },
          "style-utils": Object {
            "doc": Object {
              "description": "Sample implentations of various methods of styling and style overrides.",
            },
            "examples": Array [
              Object {
                "component": [Function],
                "description": "Just a simple sample component to demonstrate the styling below.",
                "title": "Default",
              },
              Object {
                "component": [Function],
                "description": "This will affect all components inside this ThemeProvider that use this variable.",
                "source": "<ThemeProvider theme={{ color_primary: 'mediumvioletred' }}>
        <Sample />
        </ThemeProvider>",
                "title": "Global theme var override",
              },
              Object {
                "component": [Function],
                "description": "This will affect all components inside this ThemeProvider that use this variable, which should only be Sample components due to the namespace.",
                "source": "<ThemeProvider theme={{ Sample_color: 'mediumvioletred' }}>
        <Sample />
        </ThemeProvider>",
                "title": "Component theme var override",
              },
              Object {
                "component": [Function],
                "description": "When a nested ThemeProvider provides the same variable, the merge works as expected and the most deeply-nested theme wins.",
                "source": "<ThemeProvider theme={{ color_primary: 'cyan' }}>
        <ThemeProvider theme={{ color_primary: 'mediumvioletred' }}>
          <Sample />
        </ThemeProvider>
        </ThemeProvider>",
                "title": "Nested global theme var override",
              },
              Object {
                "component": [Function],
                "description": "When a nested ThemeProvider provides a different variable, the merge works as expected.",
                "source": "<ThemeProvider theme={{ color_primary: 'mediumvioletred' }}>
        <ThemeProvider theme={{ color_warning: 'tomato' }}>
          <Sample />
        </ThemeProvider>
        </ThemeProvider>",
                "title": "Shallow merged global theme var override",
              },
              Object {
                "component": [Function],
                "description": "If you need to overwrite a theme variable, either global or component-specific, for a specific component.",
                "source": "const MyThemedSample = createThemedComponent(Sample, {
        color_primary: 'mediumvioletred'
        });
        
        <MyThemedSample />",
                "title": "Local theme var override via createThemedComponent",
              },
              Object {
                "component": [Function],
                "description": "If you need to use completely custom styles (which can still reference the props & theme) on a component.",
                "source": "const MyStyledSample = createStyledComponent(Sample, (props, theme) => ({
          outline: '3px dashed mediumvioletred',
          fontSize: theme.fontSize_h1
        }));
        
        <MyStyledSample />",
                "title": "Style override via createStyledComponent",
              },
            ],
            "title": "StyleUtils",
          },
          "world": Object {
            "doc": Object {
              "default": Object {},
            },
            "examples": Array [
              Object {
                "component": [Function],
                "title": "Default",
              },
              Object {
                "component": [Function],
                "propValues": Object {
                  "text": "Felix",
                },
                "title": "Custom Text",
              },
            ],
            "title": "World",
          },
        }
      }
    />
  </ThemeProvider>
  <glamorous(main)>
    <Switch>
      <Route
        path="/components/:componentId"
        render={[Function]}
      />
      <Redirect
        from="/"
        push={false}
        to="/components/hello"
      />
    </Switch>
    <Footer />
  </glamorous(main)>
</glamorous(div)>
`;
