// Jest Snapshot v1, https://goo.gl/fbAQLP

exports[`Archetype renders correctly 1`] = `
<div>
  Archetype
</div>
`;
