// Jest Snapshot v1, https://goo.gl/fbAQLP

exports[`MenuGroup demo examples menu-group 1`] = `
.css-0,
[data-css-0] {
  overflow: hidden;
}

.css-0 > div,
[data-css-0] > div {
  background-color: #fff;
  float: left;
  margin: 0 0.5rem 0.5rem 0;
  width: 14em;
}

.css-1,
[data-css-1] {
  box-sizing: border-box;
  color: #333840;
  font-family: Open Sans, -apple-system, system-ui, BlinkMacSystemFont, "Segoe UI", Roboto, Helvetica, Arial, sans-serif, "Apple Color Emoji", "Segoe UI Emoji", "Segoe UI Symbol";
  font-size: 16px;
  line-height: 1.25;
  outline: 0;
  -moz-osx-font-smoothing: auto;
  -webkit-font-smoothing: antialiased;
}

.css-1 *,
[data-css-1] *,
.css-1 *::before,
[data-css-1] *::before,
.css-1 *::after,
[data-css-1] *::after {
  box-sizing: inherit;
}

.css-2,
[data-css-2] {
  margin: 0.5em 0;
}

.css-2:first-child,
[data-css-2]:first-child,
.css-2 + .css-2,
[data-css-2] + [data-css-2] {
  margin-top: 0;
}

.css-2:last-child,
[data-css-2]:last-child,
.css-2[data-simulate-lastchild],
[data-css-2][data-simulate-lastchild] {
  margin-bottom: 0;
}

.css-8,
[data-css-8] {
  font-size: 0.75em;
  font-weight: 700;
  margin: 0;
  padding: 1.3333333333333333em 1.3333333333333333em 0.6666666666666666em;
}

.css-9,
[data-css-9] {
  color: #333840;
  cursor: pointer;
  font-weight: 400;
  padding: 0.5em 1em;
}

.css-9:focus,
[data-css-9]:focus,
.css-9[data-simulate-focus],
[data-css-9][data-simulate-focus] {
  background-color: #f5f7fa;
  outline: 0;
}

.css-9:hover,
[data-css-9]:hover,
.css-9[data-simulate-hover],
[data-css-9][data-simulate-hover] {
  background-color: #f5f7fa;
}

.css-9:active,
[data-css-9]:active,
.css-9[data-simulate-active],
[data-css-9][data-simulate-active] {
  background-color: #ebeff5;
}

.css-9 [role="img"],
[data-css-9] [role="img"] {
  box-sizing: content-box;
  display: block;
  fill: #2e6fd9;
  flex: 0 0 auto;
  -webkit-flex: 0 0 auto;
}

.css-9 [role="img"]:first-child,
[data-css-9] [role="img"]:first-child {
  margin-right: 0.5em;
}

.css-9 [role="img"]:last-child,
[data-css-9] [role="img"]:last-child {
  margin-left: 0.5em;
}

.css-20,
[data-css-20] {
  display: -webkit-box;
  display: -moz-box;
  display: -ms-flexbox;
  display: -webkit-flex;
  display: flex;
  justify-content: space-between;
  -webkit-box-pack: justify;
  -webkit-justify-content: space-between;
}

.css-21,
[data-css-21] {
  display: -webkit-box;
  display: -moz-box;
  display: -ms-flexbox;
  display: -webkit-flex;
  display: flex;
  flex: 1 1 auto;
  flex-wrap: wrap;
  font-size: 0.875em;
  justify-content: space-between;
  padding: 0.21428571428571427em 0 0.2857142857142857em;
  white-space: normal;
  word-break: break-all;
  -webkit-flex: 1 1 auto;
  -webkit-box-lines: multiple;
  -webkit-flex-wrap: wrap;
  -webkit-box-pack: justify;
  -webkit-justify-content: space-between;
}

.css-22,
[data-css-22] {
  margin-right: 0.5714285714285714em;
  word-break: break-word;
}

.css-23,
[data-css-23] {
  color: #58606e;
  font-size: 0.75em;
  padding-top: 0.25em;
  word-break: break-word;
}

<glamorous(div)>
  <div
    className="css-0"
  >
    <Menu>
      <Menu>
        <div
          className="css-1"
        >
          <MenuGroup
            title="Menu Group Title"
          >
            <MenuGroup>
              <div
                className="css-2"
              >
                <MenuGroupTitle>
                  <MenuGroupTitle>
                    <h3
                      className="css-8"
                    >
                      Menu Group Title
                    </h3>
                  </MenuGroupTitle>
                </MenuGroupTitle>
                <MenuItem>
                  <MenuItem
                    tabIndex={0}
                  >
                    <div
                      className="css-9"
                      tabIndex={0}
                    >
                      <glamorous(span)>
                        <span
                          className="css-20"
                        >
                          <glamorous(span)>
                            <span
                              className="css-21"
                            >
                              <glamorous(span)>
                                <span
                                  className="css-22"
                                >
                                  Menu item
                                </span>
                              </glamorous(span)>
                              <glamorous(span)>
                                <span
                                  className="css-23"
                                />
                              </glamorous(span)>
                            </span>
                          </glamorous(span)>
                        </span>
                      </glamorous(span)>
                    </div>
                  </MenuItem>
                </MenuItem>
                <MenuItem>
                  <MenuItem
                    tabIndex={0}
                  >
                    <div
                      className="css-9"
                      tabIndex={0}
                    >
                      <glamorous(span)>
                        <span
                          className="css-20"
                        >
                          <glamorous(span)>
                            <span
                              className="css-21"
                            >
                              <glamorous(span)>
                                <span
                                  className="css-22"
                                >
                                  Menu item
                                </span>
                              </glamorous(span)>
                              <glamorous(span)>
                                <span
                                  className="css-23"
                                />
                              </glamorous(span)>
                            </span>
                          </glamorous(span)>
                        </span>
                      </glamorous(span)>
                    </div>
                  </MenuItem>
                </MenuItem>
              </div>
            </MenuGroup>
          </MenuGroup>
          <MenuGroup
            title="Menu Group Title"
          >
            <MenuGroup>
              <div
                className="css-2"
              >
                <MenuGroupTitle>
                  <MenuGroupTitle>
                    <h3
                      className="css-8"
                    >
                      Menu Group Title
                    </h3>
                  </MenuGroupTitle>
                </MenuGroupTitle>
                <MenuItem>
                  <MenuItem
                    tabIndex={0}
                  >
                    <div
                      className="css-9"
                      tabIndex={0}
                    >
                      <glamorous(span)>
                        <span
                          className="css-20"
                        >
                          <glamorous(span)>
                            <span
                              className="css-21"
                            >
                              <glamorous(span)>
                                <span
                                  className="css-22"
                                >
                                  Menu item
                                </span>
                              </glamorous(span)>
                              <glamorous(span)>
                                <span
                                  className="css-23"
                                />
                              </glamorous(span)>
                            </span>
                          </glamorous(span)>
                        </span>
                      </glamorous(span)>
                    </div>
                  </MenuItem>
                </MenuItem>
                <MenuItem>
                  <MenuItem
                    tabIndex={0}
                  >
                    <div
                      className="css-9"
                      tabIndex={0}
                    >
                      <glamorous(span)>
                        <span
                          className="css-20"
                        >
                          <glamorous(span)>
                            <span
                              className="css-21"
                            >
                              <glamorous(span)>
                                <span
                                  className="css-22"
                                >
                                  Menu item
                                </span>
                              </glamorous(span)>
                              <glamorous(span)>
                                <span
                                  className="css-23"
                                />
                              </glamorous(span)>
                            </span>
                          </glamorous(span)>
                        </span>
                      </glamorous(span)>
                    </div>
                  </MenuItem>
                </MenuItem>
              </div>
            </MenuGroup>
          </MenuGroup>
        </div>
      </Menu>
    </Menu>
  </div>
</glamorous(div)>
`;
