// Jest Snapshot v1, https://goo.gl/fbAQLP

exports[`MenuDivider demo examples separating-items 1`] = `
.glamor-41,
[data-glamor-41] {
  overflow: hidden;
}

.glamor-41 > div,
[data-glamor-41] > div {
  background-color: #fff;
  float: left;
  margin: 0 0.5rem 0.5rem 0;
  width: 14em;
}

.glamor-40,
[data-glamor-40] {
  box-sizing: border-box;
  color: #333840;
  font-family: Open Sans, -apple-system, system-ui, BlinkMacSystemFont, "Segoe UI", Roboto, Helvetica, Arial, sans-serif, "Apple Color Emoji", "Segoe UI Emoji", "Segoe UI Symbol";
  font-size: 16px;
  line-height: 1.25;
  outline: 0;
}

.glamor-40 *,
[data-glamor-40] *,
.glamor-40 *::before,
[data-glamor-40] *::before,
.glamor-40 *::after,
[data-glamor-40] *::after {
  box-sizing: inherit;
}

.glamor-4,
[data-glamor-4] {
  color: #333840;
  cursor: pointer;
  font-weight: 400;
  padding: 0.5em 1em;
}

.glamor-4:focus,
[data-glamor-4]:focus,
.glamor-4[data-simulate-focus],
[data-glamor-4][data-simulate-focus] {
  background-color: #ebeff5;
  outline: 0;
}

.glamor-4:hover,
[data-glamor-4]:hover,
.glamor-4[data-simulate-hover],
[data-glamor-4][data-simulate-hover] {
  background-color: #ebeff5;
}

.glamor-4:active,
[data-glamor-4]:active,
.glamor-4[data-simulate-active],
[data-glamor-4][data-simulate-active] {
  background-color: #c8d1e0;
}

.glamor-4 [role="icon"],
[data-glamor-4] [role="icon"] {
  box-sizing: content-box;
  display: block;
  fill: #2e6fd9;
  flex: 0 0 auto;
  -webkit-flex: 0 0 auto;
}

.glamor-4 [role="icon"]:first-child,
[data-glamor-4] [role="icon"]:first-child {
  margin-right: 0.5em;
}

.glamor-4 [role="icon"]:last-child,
[data-glamor-4] [role="icon"]:last-child {
  margin-left: 0.5em;
}

.glamor-3,
[data-glamor-3] {
  display: -webkit-box;
  display: -moz-box;
  display: -ms-flexbox;
  display: -webkit-flex;
  display: flex;
  justify-content: space-between;
  -webkit-box-pack: justify;
  -webkit-justify-content: space-between;
}

.glamor-2,
[data-glamor-2] {
  display: -webkit-box;
  display: -moz-box;
  display: -ms-flexbox;
  display: -webkit-flex;
  display: flex;
  flex: 1 1 auto;
  flex-wrap: wrap;
  font-size: 0.875em;
  justify-content: space-between;
  padding: 0.21428571428571427em 0 0.2857142857142857em;
  white-space: normal;
  word-break: break-all;
  -webkit-flex: 1 1 auto;
  -webkit-box-lines: multiple;
  -webkit-flex-wrap: wrap;
  -webkit-box-pack: justify;
  -webkit-justify-content: space-between;
}

.glamor-0,
[data-glamor-0] {
  margin-right: 0.5714285714285714em;
  word-break: break-word;
}

.glamor-1,
[data-glamor-1] {
  color: #58606e;
  font-size: 0.75em;
  padding-top: 0.25em;
  word-break: break-word;
}

.glamor-5,
[data-glamor-5] {
  background-color: #c8d1e0;
  height: 1px;
  margin: 0.5em 0;
}

.glamor-27,
[data-glamor-27] {
  margin: 0.5em 0;
}

.glamor-27:first-child,
[data-glamor-27]:first-child,
.glamor-27 + .glamor-27,
[data-glamor-27] + [data-glamor-27] {
  margin-top: 0;
}

.glamor-27:last-child,
[data-glamor-27]:last-child,
.glamor-27[data-simulate-lastchild],
[data-glamor-27][data-simulate-lastchild] {
  margin-bottom: 0;
}

.glamor-16,
[data-glamor-16] {
  font-size: 0.75em;
  font-weight: 700;
  margin: 0;
  padding: 1.3333333333333333em 1.3333333333333333em 0.6666666666666666em;
}

<ThemeProvider>
  <ThemeProvider
    theme={
      Object {
        "backgroundColor_danger": "#db2929",
        "backgroundColor_danger_active": "#c71818",
        "backgroundColor_danger_activeMuted": "#f79999",
        "backgroundColor_danger_focus": "#db2929",
        "backgroundColor_danger_hover": "#eb4d4d",
        "backgroundColor_disabled": "#ebeff5",
        "backgroundColor_input_danger": "#fce3e3",
        "backgroundColor_input_success": "#e8fcf2",
        "backgroundColor_input_warning": "#fcf1dc",
        "backgroundColor_link_focus": "#dde3ed",
        "backgroundColor_success": "#0a8f4c",
        "backgroundColor_success_active": "#06783f",
        "backgroundColor_success_activeMuted": "#95f5c3",
        "backgroundColor_success_focus": "#0a8f4c",
        "backgroundColor_success_hover": "#10a35a",
        "backgroundColor_warning": "#e05b2b",
        "backgroundColor_warning_active": "#cf4615",
        "backgroundColor_warning_activeMuted": "#fab69d",
        "backgroundColor_warning_focus": "#e05b2b",
        "backgroundColor_warning_hover": "#ed774c",
        "borderColor": "#c8d1e0",
        "borderColor_active": "#4a89e8",
        "borderColor_danger": "#ad0e0e",
        "borderColor_danger_active": "#7d0606",
        "borderColor_danger_focus": "#c71818",
        "borderColor_danger_hover": "#db2929",
        "borderColor_focus": "#164ea8",
        "borderColor_hover": "#2e6fd9",
        "borderColor_success": "#0a8f4c",
        "borderColor_success_active": "#046132",
        "borderColor_success_focus": "#06783f",
        "borderColor_success_hover": "#1fc06f",
        "borderColor_warning": "#d19411",
        "borderColor_warning_active": "#916504",
        "borderColor_warning_focus": "#cf4615",
        "borderColor_warning_hover": "#e3a322",
        "borderRadius_1": "0.1875em",
        "color_black": "#1d1f24",
        "color_caption": "#58606e",
        "color_gray_10": "#f5f7fa",
        "color_gray_100": "#333840",
        "color_gray_20": "#ebeff5",
        "color_gray_30": "#dde3ed",
        "color_gray_40": "#c8d1e0",
        "color_gray_50": "#afbacc",
        "color_gray_60": "#8e99ab",
        "color_gray_70": "#707a8a",
        "color_gray_80": "#58606e",
        "color_gray_90": "#434a54",
        "color_placeholder": "#8e99ab",
        "color_text": "#333840",
        "color_text_danger": "#db2929",
        "color_text_danger_active": "#c71818",
        "color_text_danger_focus": "#db2929",
        "color_text_danger_hover": "#eb4d4d",
        "color_text_disabled": "#afbacc",
        "color_text_ondanger": "#fff",
        "color_text_onprimary": "#fff",
        "color_text_onsuccess": "#fff",
        "color_text_onwarning": "#fff",
        "color_text_primary": "#2e6fd9",
        "color_text_primary_active": "#1f5dc2",
        "color_text_primary_focus": "#2e6fd9",
        "color_text_primary_hover": "#4a89e8",
        "color_text_success": "#06783f",
        "color_text_success_active": "#046132",
        "color_text_success_focus": "#06783f",
        "color_text_success_hover": "#0a8f4c",
        "color_text_warning": "#cf4615",
        "color_text_warning_active": "#bd3909",
        "color_text_warning_focus": "#cf4615",
        "color_text_warning_hover": "#e05b2b",
        "color_theme_10": "#e6eefc",
        "color_theme_100": "#0f397d",
        "color_theme_20": "#c2dbfc",
        "color_theme_30": "#9dc2fa",
        "color_theme_40": "#72a5f2",
        "color_theme_50": "#4a89e8",
        "color_theme_60": "#2e6fd9",
        "color_theme_70": "#1f5dc2",
        "color_theme_80": "#164ea8",
        "color_theme_90": "#114091",
        "color_white": "#fff",
        "direction": "ltr",
        "fontFamily": "Open Sans",
        "fontFamily_monospace": "monospace",
        "fontFamily_system": "-apple-system, system-ui, BlinkMacSystemFont, \\"Segoe UI\\", Roboto, Helvetica, Arial, sans-serif, \\"Apple Color Emoji\\", \\"Segoe UI Emoji\\", \\"Segoe UI Symbol\\"",
        "fontSize_base": 16,
        "fontSize_h1": "2.125em",
        "fontSize_h2": "1.75em",
        "fontSize_h3": "1.375em",
        "fontSize_h4": "1.125em",
        "fontSize_h5": "0.875em",
        "fontSize_h6": "0.875em",
        "fontSize_mouse": "0.6875em",
        "fontSize_prose": "1em",
        "fontSize_ui": "0.875em",
        "fontWeight_bold": 700,
        "fontWeight_extraBold": 800,
        "fontWeight_regular": 400,
        "fontWeight_semiBold": 600,
        "lineHeight": 1.25,
        "lineHeight_prose": 1.5,
        "shadow_1": "0 1px 2px 0 rgba(0,0,0,0.4)",
        "shadow_2": "0 2px 4px 0 rgba(0,0,0,0.2), 0 1px 2px 0 rgba(0,0,0,0.4)",
        "shadow_3": "0 4px 8px 0 rgba(0,0,0,0.2), 0 2px 4px 0 rgba(0,0,0,0.4)",
        "shadow_4": "0 8px 16px 0 rgba(0,0,0,0.2), 0 4px 8px 0 rgba(0,0,0,0.4)",
        "shadow_5": "0 24px 24px -8px rgba(0,0,0,0.4), 0 8px 16px 0 rgba(0,0,0,0.4)",
        "size_jumbo": "3.25em",
        "size_large": "2.5em",
        "size_medium": "2em",
        "size_small": "1.5em",
        "space_inline_lg": "1.5em",
        "space_inline_md": "1em",
        "space_inline_sm": "0.5em",
        "space_inline_xl": "2em",
        "space_inline_xs": "0.25em",
        "space_inline_xxl": "4em",
        "space_inline_xxs": "0.125em",
        "space_inset_lg": "1.5em",
        "space_inset_md": "1em",
        "space_inset_sm": "0.5em",
        "space_stack_lg": "1.5em",
        "space_stack_md": "1em",
        "space_stack_sm": "0.5em",
        "space_stack_xl": "2em",
        "space_stack_xs": "0.25em",
        "space_stack_xxl": "4em",
        "space_stack_xxs": "0.125em",
        "zIndex_100": 100,
        "zIndex_1600": 1600,
        "zIndex_200": 200,
        "zIndex_400": 400,
        "zIndex_800": 800,
      }
    }
  >
    <LiveProvider
      code="
    <DemoLayout>
      <Menu>
        <MenuItem>
          Menu item
        </MenuItem>
        <MenuDivider />
        <MenuItem>
          Menu item
        </MenuItem>
        <MenuItem>
          Menu item
        </MenuItem>
        <MenuGroup title=\\"Menu Group Title\\">
          <MenuItem>
            Menu item
          </MenuItem>
          <MenuItem>
            Menu item
          </MenuItem>
        </MenuGroup>
        <MenuDivider />
        <MenuGroup>
          <MenuItem>
            Menu item
          </MenuItem>
          <MenuItem>
            Menu item
          </MenuItem>
        </MenuGroup>
      </Menu>
    </DemoLayout>"
      mountStylesheet={false}
      noInline={false}
      scope={
        Object {
          "DemoLayout": [Function],
          "Menu": [Function],
          "MenuDivider": [Function],
          "MenuGroup": [Function],
          "MenuItem": [Function],
        }
      }
    >
      <div
        className="react-live"
        scope={
          Object {
            "DemoLayout": [Function],
            "Menu": [Function],
            "MenuDivider": [Function],
            "MenuGroup": [Function],
            "MenuItem": [Function],
          }
        }
      >
        <LivePreview>
          <div
            className="react-live-preview"
          >
            <glamorous(div)>
              <div
                className="glamor-41"
              >
                <Menu>
                  <Menu>
                    <div
                      className="glamor-40"
                    >
                      <MenuItem>
                        <MenuItem
                          disabled={undefined}
                          onClick={undefined}
                          onKeyDown={undefined}
                          tabIndex={0}
                          variant="regular"
                        >
                          <div
                            className="glamor-4"
                            onClick={undefined}
                            onKeyDown={undefined}
                            tabIndex={0}
                          >
                            <glamorous(span)>
                              <span
                                className="glamor-3"
                              >
                                <glamorous(span)>
                                  <span
                                    className="glamor-2"
                                  >
                                    <glamorous(span)>
                                      <span
                                        className="glamor-0"
                                      >
                                        Menu item
                                      </span>
                                    </glamorous(span)>
                                    <glamorous(span)>
                                      <span
                                        className="glamor-1"
                                      />
                                    </glamorous(span)>
                                  </span>
                                </glamorous(span)>
                              </span>
                            </glamorous(span)>
                          </div>
                        </MenuItem>
                      </MenuItem>
                      <MenuDivider>
                        <MenuDivider
                          role="separator"
                        >
                          <div
                            className="glamor-5"
                            role="separator"
                          />
                        </MenuDivider>
                      </MenuDivider>
                      <MenuItem>
                        <MenuItem
                          disabled={undefined}
                          onClick={undefined}
                          onKeyDown={undefined}
                          tabIndex={0}
                          variant="regular"
                        >
                          <div
                            className="glamor-4"
                            onClick={undefined}
                            onKeyDown={undefined}
                            tabIndex={0}
                          >
                            <glamorous(span)>
                              <span
                                className="glamor-3"
                              >
                                <glamorous(span)>
                                  <span
                                    className="glamor-2"
                                  >
                                    <glamorous(span)>
                                      <span
                                        className="glamor-0"
                                      >
                                        Menu item
                                      </span>
                                    </glamorous(span)>
                                    <glamorous(span)>
                                      <span
                                        className="glamor-1"
                                      />
                                    </glamorous(span)>
                                  </span>
                                </glamorous(span)>
                              </span>
                            </glamorous(span)>
                          </div>
                        </MenuItem>
                      </MenuItem>
                      <MenuItem>
                        <MenuItem
                          disabled={undefined}
                          onClick={undefined}
                          onKeyDown={undefined}
                          tabIndex={0}
                          variant="regular"
                        >
                          <div
                            className="glamor-4"
                            onClick={undefined}
                            onKeyDown={undefined}
                            tabIndex={0}
                          >
                            <glamorous(span)>
                              <span
                                className="glamor-3"
                              >
                                <glamorous(span)>
                                  <span
                                    className="glamor-2"
                                  >
                                    <glamorous(span)>
                                      <span
                                        className="glamor-0"
                                      >
                                        Menu item
                                      </span>
                                    </glamorous(span)>
                                    <glamorous(span)>
                                      <span
                                        className="glamor-1"
                                      />
                                    </glamorous(span)>
                                  </span>
                                </glamorous(span)>
                              </span>
                            </glamorous(span)>
                          </div>
                        </MenuItem>
                      </MenuItem>
                      <MenuGroup
                        title="Menu Group Title"
                      >
                        <MenuGroup>
                          <div
                            className="glamor-27"
                          >
                            <MenuGroupTitle>
                              <MenuGroupTitle>
                                <h3
                                  className="glamor-16"
                                >
                                  Menu Group Title
                                </h3>
                              </MenuGroupTitle>
                            </MenuGroupTitle>
                            <MenuItem>
                              <MenuItem
                                disabled={undefined}
                                onClick={undefined}
                                onKeyDown={undefined}
                                tabIndex={0}
                                variant="regular"
                              >
                                <div
                                  className="glamor-4"
                                  onClick={undefined}
                                  onKeyDown={undefined}
                                  tabIndex={0}
                                >
                                  <glamorous(span)>
                                    <span
                                      className="glamor-3"
                                    >
                                      <glamorous(span)>
                                        <span
                                          className="glamor-2"
                                        >
                                          <glamorous(span)>
                                            <span
                                              className="glamor-0"
                                            >
                                              Menu item
                                            </span>
                                          </glamorous(span)>
                                          <glamorous(span)>
                                            <span
                                              className="glamor-1"
                                            />
                                          </glamorous(span)>
                                        </span>
                                      </glamorous(span)>
                                    </span>
                                  </glamorous(span)>
                                </div>
                              </MenuItem>
                            </MenuItem>
                            <MenuItem>
                              <MenuItem
                                disabled={undefined}
                                onClick={undefined}
                                onKeyDown={undefined}
                                tabIndex={0}
                                variant="regular"
                              >
                                <div
                                  className="glamor-4"
                                  onClick={undefined}
                                  onKeyDown={undefined}
                                  tabIndex={0}
                                >
                                  <glamorous(span)>
                                    <span
                                      className="glamor-3"
                                    >
                                      <glamorous(span)>
                                        <span
                                          className="glamor-2"
                                        >
                                          <glamorous(span)>
                                            <span
                                              className="glamor-0"
                                            >
                                              Menu item
                                            </span>
                                          </glamorous(span)>
                                          <glamorous(span)>
                                            <span
                                              className="glamor-1"
                                            />
                                          </glamorous(span)>
                                        </span>
                                      </glamorous(span)>
                                    </span>
                                  </glamorous(span)>
                                </div>
                              </MenuItem>
                            </MenuItem>
                          </div>
                        </MenuGroup>
                      </MenuGroup>
                      <MenuDivider>
                        <MenuDivider
                          role="separator"
                        >
                          <div
                            className="glamor-5"
                            role="separator"
                          />
                        </MenuDivider>
                      </MenuDivider>
                      <MenuGroup>
                        <MenuGroup>
                          <div
                            className="glamor-27"
                          >
                            <MenuItem>
                              <MenuItem
                                disabled={undefined}
                                onClick={undefined}
                                onKeyDown={undefined}
                                tabIndex={0}
                                variant="regular"
                              >
                                <div
                                  className="glamor-4"
                                  onClick={undefined}
                                  onKeyDown={undefined}
                                  tabIndex={0}
                                >
                                  <glamorous(span)>
                                    <span
                                      className="glamor-3"
                                    >
                                      <glamorous(span)>
                                        <span
                                          className="glamor-2"
                                        >
                                          <glamorous(span)>
                                            <span
                                              className="glamor-0"
                                            >
                                              Menu item
                                            </span>
                                          </glamorous(span)>
                                          <glamorous(span)>
                                            <span
                                              className="glamor-1"
                                            />
                                          </glamorous(span)>
                                        </span>
                                      </glamorous(span)>
                                    </span>
                                  </glamorous(span)>
                                </div>
                              </MenuItem>
                            </MenuItem>
                            <MenuItem>
                              <MenuItem
                                disabled={undefined}
                                onClick={undefined}
                                onKeyDown={undefined}
                                tabIndex={0}
                                variant="regular"
                              >
                                <div
                                  className="glamor-4"
                                  onClick={undefined}
                                  onKeyDown={undefined}
                                  tabIndex={0}
                                >
                                  <glamorous(span)>
                                    <span
                                      className="glamor-3"
                                    >
                                      <glamorous(span)>
                                        <span
                                          className="glamor-2"
                                        >
                                          <glamorous(span)>
                                            <span
                                              className="glamor-0"
                                            >
                                              Menu item
                                            </span>
                                          </glamorous(span)>
                                          <glamorous(span)>
                                            <span
                                              className="glamor-1"
                                            />
                                          </glamorous(span)>
                                        </span>
                                      </glamorous(span)>
                                    </span>
                                  </glamorous(span)>
                                </div>
                              </MenuItem>
                            </MenuItem>
                          </div>
                        </MenuGroup>
                      </MenuGroup>
                    </div>
                  </Menu>
                </Menu>
              </div>
            </glamorous(div)>
          </div>
        </LivePreview>
      </div>
    </LiveProvider>
  </ThemeProvider>
</ThemeProvider>
`;
