// Jest Snapshot v1, https://goo.gl/fbAQLP

exports[`MenuGroup demo examples menu-group 1`] = `
.glamor-25,
[data-glamor-25] {
  overflow: hidden;
}

.glamor-25 > div,
[data-glamor-25] > div {
  background-color: #fff;
  float: left;
  margin: 0 0.5rem 0.5rem 0;
  width: 14em;
}

.glamor-24,
[data-glamor-24] {
  box-sizing: border-box;
  color: #333840;
  font-family: Open Sans, -apple-system, system-ui, BlinkMacSystemFont, "Segoe UI", Roboto, Helvetica, Arial, sans-serif, "Apple Color Emoji", "Segoe UI Emoji", "Segoe UI Symbol";
  font-size: 16px;
  line-height: 1.25;
  outline: 0;
}

.glamor-24 *,
[data-glamor-24] *,
.glamor-24 *::before,
[data-glamor-24] *::before,
.glamor-24 *::after,
[data-glamor-24] *::after {
  box-sizing: inherit;
}

.glamor-11,
[data-glamor-11] {
  margin: 0.5em 0;
}

.glamor-11:first-child,
[data-glamor-11]:first-child,
.glamor-11 + .glamor-11,
[data-glamor-11] + [data-glamor-11] {
  margin-top: 0;
}

.glamor-11:last-child,
[data-glamor-11]:last-child,
.glamor-11[data-simulate-lastchild],
[data-glamor-11][data-simulate-lastchild] {
  margin-bottom: 0;
}

.glamor-0,
[data-glamor-0] {
  font-size: 0.75em;
  font-weight: 700;
  margin: 0;
  padding: 1.3333333333333333em 1.3333333333333333em 0.6666666666666666em;
}

.glamor-5,
[data-glamor-5] {
  color: #333840;
  cursor: pointer;
  font-weight: 400;
  padding: 0.5em 1em;
}

.glamor-5:focus,
[data-glamor-5]:focus,
.glamor-5[data-simulate-focus],
[data-glamor-5][data-simulate-focus] {
  background-color: #ebeff5;
  outline: 0;
}

.glamor-5:hover,
[data-glamor-5]:hover,
.glamor-5[data-simulate-hover],
[data-glamor-5][data-simulate-hover] {
  background-color: #ebeff5;
}

.glamor-5:active,
[data-glamor-5]:active,
.glamor-5[data-simulate-active],
[data-glamor-5][data-simulate-active] {
  background-color: #c8d1e0;
}

.glamor-5 [role="img"],
[data-glamor-5] [role="img"] {
  box-sizing: content-box;
  display: block;
  fill: #2e6fd9;
  flex: 0 0 auto;
  -webkit-flex: 0 0 auto;
}

.glamor-5 [role="img"]:first-child,
[data-glamor-5] [role="img"]:first-child {
  margin-right: 0.5em;
}

.glamor-5 [role="img"]:last-child,
[data-glamor-5] [role="img"]:last-child {
  margin-left: 0.5em;
}

.glamor-4,
[data-glamor-4] {
  display: -webkit-box;
  display: -moz-box;
  display: -ms-flexbox;
  display: -webkit-flex;
  display: flex;
  justify-content: space-between;
  -webkit-box-pack: justify;
  -webkit-justify-content: space-between;
}

.glamor-3,
[data-glamor-3] {
  display: -webkit-box;
  display: -moz-box;
  display: -ms-flexbox;
  display: -webkit-flex;
  display: flex;
  flex: 1 1 auto;
  flex-wrap: wrap;
  font-size: 0.875em;
  justify-content: space-between;
  padding: 0.21428571428571427em 0 0.2857142857142857em;
  white-space: normal;
  word-break: break-all;
  -webkit-flex: 1 1 auto;
  -webkit-box-lines: multiple;
  -webkit-flex-wrap: wrap;
  -webkit-box-pack: justify;
  -webkit-justify-content: space-between;
}

.glamor-1,
[data-glamor-1] {
  margin-right: 0.5714285714285714em;
  word-break: break-word;
}

.glamor-2,
[data-glamor-2] {
  color: #58606e;
  font-size: 0.75em;
  padding-top: 0.25em;
  word-break: break-word;
}

<ThemeProvider>
  <ThemeProvider>
    <LiveProvider>
      <div
        className="react-live"
        scope={
          Object {
            "DemoLayout": [Function],
            "Menu": [Function],
            "MenuGroup": [Function],
            "MenuItem": [Function],
          }
        }
      >
        <LivePreview>
          <div
            className="react-live-preview"
          >
            <glamorous(div)>
              <div
                className="glamor-25"
              >
                <Menu>
                  <Menu>
                    <div
                      className="glamor-24"
                    >
                      <MenuGroup
                        title="Menu Group Title"
                      >
                        <MenuGroup>
                          <div
                            className="glamor-11"
                          >
                            <MenuGroupTitle>
                              <MenuGroupTitle>
                                <h3
                                  className="glamor-0"
                                >
                                  Menu Group Title
                                </h3>
                              </MenuGroupTitle>
                            </MenuGroupTitle>
                            <MenuItem>
                              <MenuItem
                                disabled={undefined}
                                onClick={undefined}
                                onKeyDown={undefined}
                                tabIndex={0}
                                variant="regular"
                              >
                                <div
                                  className="glamor-5"
                                  onClick={undefined}
                                  onKeyDown={undefined}
                                  tabIndex={0}
                                >
                                  <glamorous(span)>
                                    <span
                                      className="glamor-4"
                                    >
                                      <glamorous(span)>
                                        <span
                                          className="glamor-3"
                                        >
                                          <glamorous(span)>
                                            <span
                                              className="glamor-1"
                                            >
                                              Menu item
                                            </span>
                                          </glamorous(span)>
                                          <glamorous(span)>
                                            <span
                                              className="glamor-2"
                                            />
                                          </glamorous(span)>
                                        </span>
                                      </glamorous(span)>
                                    </span>
                                  </glamorous(span)>
                                </div>
                              </MenuItem>
                            </MenuItem>
                            <MenuItem>
                              <MenuItem
                                disabled={undefined}
                                onClick={undefined}
                                onKeyDown={undefined}
                                tabIndex={0}
                                variant="regular"
                              >
                                <div
                                  className="glamor-5"
                                  onClick={undefined}
                                  onKeyDown={undefined}
                                  tabIndex={0}
                                >
                                  <glamorous(span)>
                                    <span
                                      className="glamor-4"
                                    >
                                      <glamorous(span)>
                                        <span
                                          className="glamor-3"
                                        >
                                          <glamorous(span)>
                                            <span
                                              className="glamor-1"
                                            >
                                              Menu item
                                            </span>
                                          </glamorous(span)>
                                          <glamorous(span)>
                                            <span
                                              className="glamor-2"
                                            />
                                          </glamorous(span)>
                                        </span>
                                      </glamorous(span)>
                                    </span>
                                  </glamorous(span)>
                                </div>
                              </MenuItem>
                            </MenuItem>
                          </div>
                        </MenuGroup>
                      </MenuGroup>
                      <MenuGroup
                        title="Menu Group Title"
                      >
                        <MenuGroup>
                          <div
                            className="glamor-11"
                          >
                            <MenuGroupTitle>
                              <MenuGroupTitle>
                                <h3
                                  className="glamor-0"
                                >
                                  Menu Group Title
                                </h3>
                              </MenuGroupTitle>
                            </MenuGroupTitle>
                            <MenuItem>
                              <MenuItem
                                disabled={undefined}
                                onClick={undefined}
                                onKeyDown={undefined}
                                tabIndex={0}
                                variant="regular"
                              >
                                <div
                                  className="glamor-5"
                                  onClick={undefined}
                                  onKeyDown={undefined}
                                  tabIndex={0}
                                >
                                  <glamorous(span)>
                                    <span
                                      className="glamor-4"
                                    >
                                      <glamorous(span)>
                                        <span
                                          className="glamor-3"
                                        >
                                          <glamorous(span)>
                                            <span
                                              className="glamor-1"
                                            >
                                              Menu item
                                            </span>
                                          </glamorous(span)>
                                          <glamorous(span)>
                                            <span
                                              className="glamor-2"
                                            />
                                          </glamorous(span)>
                                        </span>
                                      </glamorous(span)>
                                    </span>
                                  </glamorous(span)>
                                </div>
                              </MenuItem>
                            </MenuItem>
                            <MenuItem>
                              <MenuItem
                                disabled={undefined}
                                onClick={undefined}
                                onKeyDown={undefined}
                                tabIndex={0}
                                variant="regular"
                              >
                                <div
                                  className="glamor-5"
                                  onClick={undefined}
                                  onKeyDown={undefined}
                                  tabIndex={0}
                                >
                                  <glamorous(span)>
                                    <span
                                      className="glamor-4"
                                    >
                                      <glamorous(span)>
                                        <span
                                          className="glamor-3"
                                        >
                                          <glamorous(span)>
                                            <span
                                              className="glamor-1"
                                            >
                                              Menu item
                                            </span>
                                          </glamorous(span)>
                                          <glamorous(span)>
                                            <span
                                              className="glamor-2"
                                            />
                                          </glamorous(span)>
                                        </span>
                                      </glamorous(span)>
                                    </span>
                                  </glamorous(span)>
                                </div>
                              </MenuItem>
                            </MenuItem>
                          </div>
                        </MenuGroup>
                      </MenuGroup>
                    </div>
                  </Menu>
                </Menu>
              </div>
            </glamorous(div)>
          </div>
        </LivePreview>
      </div>
    </LiveProvider>
  </ThemeProvider>
</ThemeProvider>
`;
