// Jest Snapshot v1, https://goo.gl/fbAQLP

exports[`DialogFooter demo examples Snapshots: basic 1`] = `
.emotion-30 {
  -webkit-flex: 0 0 auto;
  -ms-flex: 0 0 auto;
  flex: 0 0 auto;
}

.emotion-29 {
  box-sizing: border-box;
  color: #333840;
  font-family: "Open Sans",-apple-system,system-ui,BlinkMacSystemFont,"Segoe UI",Roboto,Helvetica,Arial,sans-serif,"Apple Color Emoji","Segoe UI Emoji","Segoe UI Symbol";
  font-size: 0.875em;
  line-height: 1.25;
  outline: 0;
  -moz-osx-font-smoothing: auto;
  -webkit-font-smoothing: antialiased;
  margin: 1.7142857142857142em 0;
  padding: 0 1.7142857142857142em;
  -webkit-flex: 0 0 auto;
  -ms-flex: 0 0 auto;
  flex: 0 0 auto;
}

.emotion-29 *,
.emotion-29 *::before,
.emotion-29 *::after {
  box-sizing: inherit;
}

.emotion-38 {
  padding: 1em;
  position: relative;
}

.emotion-38:not(:last-child) {
  padding-bottom: 0;
}

.emotion-38 > div {
  position: static;
}

.emotion-38 [role="document"] {
  width: auto;
}

.emotion-35 {
  position: static;
}

.emotion-36 {
  opacity: 0;
  position: relative;
  -webkit-transition: opacity 250ms ease;
  transition: opacity 250ms ease;
  will-change: opacity;
  z-index: 1600;
}

.emotion-34 {
  box-sizing: border-box;
  color: #333840;
  font-family: "Open Sans",-apple-system,system-ui,BlinkMacSystemFont,"Segoe UI",Roboto,Helvetica,Arial,sans-serif,"Apple Color Emoji","Segoe UI Emoji","Segoe UI Symbol";
  font-size: 16px;
  line-height: 1.25;
  outline: 0;
  -moz-osx-font-smoothing: auto;
  -webkit-font-smoothing: antialiased;
  -webkit-align-items: center;
  -webkit-box-align: center;
  -ms-flex-align: center;
  align-items: center;
  bottom: 0;
  display: -webkit-box;
  display: -webkit-flex;
  display: -ms-flexbox;
  display: flex;
  -webkit-box-pack: center;
  -webkit-justify-content: center;
  -ms-flex-pack: center;
  justify-content: center;
  left: 0;
  position: fixed;
  right: 0;
  top: 0;
  position: static;
}

.emotion-34 *,
.emotion-34 *::before,
.emotion-34 *::after {
  box-sizing: inherit;
}

.emotion-0 {
  background-color: rgba(0,0,0,0.6);
  bottom: 0;
  left: 0;
  overflow: hidden;
  position: absolute;
  right: 0;
  top: 0;
}

.emotion-33 {
  display: -webkit-box;
  display: -webkit-flex;
  display: -ms-flexbox;
  display: flex;
}

.emotion-32 {
  background-color: #ffffff;
  border: 1px solid #ebeff5;
  border-radius: 0.1875em;
  box-shadow: 0 16px 24px 0 rgba(0,0,0,0.2),0 32px 24px -16px rgba(0,0,0,0.2);
  display: -webkit-box;
  display: -webkit-flex;
  display: -ms-flexbox;
  display: flex;
  -webkit-flex-direction: column;
  -ms-flex-direction: column;
  flex-direction: column;
  max-height: 80vh;
  min-width: 22.5em;
  pointer-events: all;
  position: relative;
  max-width: 40em;
  width: 50vw;
}

@media (min-height:43em) {
  .emotion-32 {
    max-height: 35em;
  }
}

.emotion-7 {
  display: -webkit-box;
  display: -webkit-flex;
  display: -ms-flexbox;
  display: flex;
  -webkit-flex: 0 0 auto;
  -ms-flex: 0 0 auto;
  flex: 0 0 auto;
  -webkit-box-pack: justify;
  -webkit-justify-content: space-between;
  -ms-flex-pack: justify;
  justify-content: space-between;
}

.emotion-6 {
  box-sizing: border-box;
  color: #333840;
  font-family: "Open Sans",-apple-system,system-ui,BlinkMacSystemFont,"Segoe UI",Roboto,Helvetica,Arial,sans-serif,"Apple Color Emoji","Segoe UI Emoji","Segoe UI Symbol";
  font-size: 0.875em;
  line-height: 1.25;
  outline: 0;
  -moz-osx-font-smoothing: auto;
  -webkit-font-smoothing: antialiased;
  margin: 1.7142857142857142em 0;
  padding: 0 1.7142857142857142em;
  display: -webkit-box;
  display: -webkit-flex;
  display: -ms-flexbox;
  display: flex;
  -webkit-flex: 0 0 auto;
  -ms-flex: 0 0 auto;
  flex: 0 0 auto;
  -webkit-box-pack: justify;
  -webkit-justify-content: space-between;
  -ms-flex-pack: justify;
  justify-content: space-between;
}

.emotion-6 *,
.emotion-6 *::before,
.emotion-6 *::after {
  box-sizing: inherit;
}

.emotion-5 {
  color: #58606e;
  display: -webkit-box;
  display: -webkit-flex;
  display: -ms-flexbox;
  display: flex;
}

.emotion-5 > [role="img"] {
  -webkit-flex: 0 0 auto;
  -ms-flex: 0 0 auto;
  flex: 0 0 auto;
  margin-right: 0.5em;
}

.emotion-2 {
  color: inherit;
  -webkit-flex: 1 1 auto;
  -ms-flex: 1 1 auto;
  flex: 1 1 auto;
}

.emotion-1 {
  box-sizing: border-box;
  color: #58606e;
  font-family: "Open Sans",-apple-system,system-ui,BlinkMacSystemFont,"Segoe UI",Roboto,Helvetica,Arial,sans-serif,"Apple Color Emoji","Segoe UI Emoji","Segoe UI Symbol";
  font-size: 18px;
  line-height: 1.25;
  outline: 0;
  -moz-osx-font-smoothing: auto;
  -webkit-font-smoothing: antialiased;
  font-weight: 700;
  margin-bottom: 0;
  margin-top: 0;
  color: inherit;
  -webkit-flex: 1 1 auto;
  -ms-flex: 1 1 auto;
  flex: 1 1 auto;
}

.emotion-1 *,
.emotion-1 *::before,
.emotion-1 *::after {
  box-sizing: inherit;
}

.emotion-20 {
  display: -webkit-box;
  display: -webkit-flex;
  display: -ms-flexbox;
  display: flex;
  -webkit-flex: 1 1 auto;
  -ms-flex: 1 1 auto;
  flex: 1 1 auto;
  font-size: 0.875em;
  margin: 0;
  min-height: 0%;
  padding: 0;
}

.emotion-20:first-child {
  margin-top: 1.7142857142857142em;
}

.emotion-20:last-child {
  margin-bottom: 1.7142857142857142em;
}

.emotion-19 {
  box-sizing: border-box;
  color: #333840;
  font-family: "Open Sans",-apple-system,system-ui,BlinkMacSystemFont,"Segoe UI",Roboto,Helvetica,Arial,sans-serif,"Apple Color Emoji","Segoe UI Emoji","Segoe UI Symbol";
  font-size: 0.875em;
  line-height: 1.25;
  outline: 0;
  -moz-osx-font-smoothing: auto;
  -webkit-font-smoothing: antialiased;
  margin: 1.7142857142857142em 0;
  padding: 0 1.7142857142857142em;
  display: -webkit-box;
  display: -webkit-flex;
  display: -ms-flexbox;
  display: flex;
  -webkit-flex: 1 1 auto;
  -ms-flex: 1 1 auto;
  flex: 1 1 auto;
  font-size: 0.875em;
  margin: 0;
  min-height: 0%;
  padding: 0;
}

.emotion-19 *,
.emotion-19 *::before,
.emotion-19 *::after {
  box-sizing: inherit;
}

.emotion-19:first-child {
  margin-top: 1.7142857142857142em;
}

.emotion-19:last-child {
  margin-bottom: 1.7142857142857142em;
}

.emotion-15 {
  display: -webkit-box;
  display: -webkit-flex;
  display: -ms-flexbox;
  display: flex;
  -webkit-flex: 1 1 auto;
  -ms-flex: 1 1 auto;
  flex: 1 1 auto;
}

.emotion-15 > div {
  padding-left: 1.7142857142857142em;
  padding-right: 1.7142857142857142em;
}

.emotion-15 > div > :first-child {
  margin-top: 0;
}

.emotion-15 > div > :last-child {
  margin-bottom: 0;
}

.emotion-14 {
  display: -webkit-box;
  display: -webkit-flex;
  display: -ms-flexbox;
  display: flex;
  -webkit-flex: 1 1 auto;
  -ms-flex: 1 1 auto;
  flex: 1 1 auto;
}

.emotion-14 > div {
  padding-left: 1.7142857142857142em;
  padding-right: 1.7142857142857142em;
}

.emotion-14 > div > :first-child {
  margin-top: 0;
}

.emotion-14 > div > :last-child {
  margin-bottom: 0;
}

.emotion-10 {
  -webkit-flex: 1 1 auto;
  -ms-flex: 1 1 auto;
  flex: 1 1 auto;
  overflow-x: hidden;
  padding-bottom: 2px;
  padding-top: 2px;
}

.emotion-9 {
  outline: 0;
  overflow-y: auto;
  -webkit-transition: outline 0.1s 0.25s;
  transition: outline 0.1s 0.25s;
  -webkit-flex: 1 1 auto;
  -ms-flex: 1 1 auto;
  flex: 1 1 auto;
  overflow-x: hidden;
  padding-bottom: 2px;
  padding-top: 2px;
}

.emotion-9:focus {
  outline: 1px solid #1d5bbf;
}

.emotion-28 {
  -webkit-align-items: center;
  -webkit-box-align: center;
  -ms-flex-align: center;
  align-items: center;
  display: -webkit-box;
  display: -webkit-flex;
  display: -ms-flexbox;
  display: flex;
  -webkit-box-pack: end;
  -webkit-justify-content: flex-end;
  -ms-flex-pack: end;
  justify-content: flex-end;
}

.emotion-28 > *:not(:last-child) {
  margin-right: 0.5em;
}

.emotion-24 {
  box-sizing: border-box;
  color: #3272d9;
  font-family: "Open Sans",-apple-system,system-ui,BlinkMacSystemFont,"Segoe UI",Roboto,Helvetica,Arial,sans-serif,"Apple Color Emoji","Segoe UI Emoji","Segoe UI Symbol";
  font-size: 16px;
  line-height: 1.25;
  outline: 0;
  -moz-osx-font-smoothing: auto;
  -webkit-font-smoothing: antialiased;
  background-color: transparent;
  border-color: transparent;
  border-radius: 0.1875em;
  border-style: solid;
  border-width: 1px;
  cursor: pointer;
  display: inline-block;
  font-weight: 600;
  height: 2em;
  margin: 0;
  min-width: 2em;
  padding: 0 0.5em;
  -webkit-text-decoration: none;
  text-decoration: none;
  vertical-align: middle;
}

.emotion-24 *,
.emotion-24 *::before,
.emotion-24 *::after {
  box-sizing: inherit;
}

.emotion-24:focus {
  border-color: #1d5bbf;
  color: #3272d9;
  -webkit-text-decoration: none;
  text-decoration: none;
}

.emotion-24:hover {
  background-color: #f5f7fa;
  color: #3272d9;
  -webkit-text-decoration: none;
  text-decoration: none;
}

.emotion-24:focus:active,
.emotion-24:focus:hover {
  border-color: #1d5bbf;
}

.emotion-24:active {
  background-color: #ebeff5;
  color: #3272d9;
}

.emotion-24::-moz-focus-inner {
  border: 0;
}

.emotion-24 [role="img"] {
  box-sizing: content-box;
  color: #3272d9;
  display: block;
  -webkit-flex-shrink: 0;
  -ms-flex-negative: 0;
  flex-shrink: 0;
}

.emotion-24 [role="img"]:first-child {
  margin-right: 0.5em;
}

.emotion-24 [role="img"]:last-child {
  margin-left: 0.5em;
}

.emotion-24 [role="img"]:only-child {
  margin: 0;
}

.emotion-23 {
  -webkit-align-items: center;
  -webkit-box-align: center;
  -ms-flex-align: center;
  align-items: center;
  display: -webkit-inline-box;
  display: -webkit-inline-flex;
  display: -ms-inline-flexbox;
  display: inline-flex;
  -webkit-box-pack: center;
  -webkit-justify-content: center;
  -ms-flex-pack: center;
  justify-content: center;
  max-height: 100%;
  pointer-events: none;
  width: 100%;
}

.emotion-22 {
  display: block;
  max-width: 100%;
  overflow: hidden;
  text-overflow: ellipsis;
  white-space: nowrap;
  word-wrap: normal;
  font-size: 0.875em;
  line-height: 2.2857142857142856em;
}

.emotion-27 {
  box-sizing: border-box;
  color: #ffffff;
  font-family: "Open Sans",-apple-system,system-ui,BlinkMacSystemFont,"Segoe UI",Roboto,Helvetica,Arial,sans-serif,"Apple Color Emoji","Segoe UI Emoji","Segoe UI Symbol";
  font-size: 16px;
  line-height: 1.25;
  outline: 0;
  -moz-osx-font-smoothing: auto;
  -webkit-font-smoothing: antialiased;
  background-color: #3272d9;
  border-color: transparent;
  border-radius: 0.1875em;
  border-style: solid;
  border-width: 1px;
  cursor: pointer;
  display: inline-block;
  font-weight: 600;
  height: 2em;
  margin: 0;
  min-width: 2em;
  padding: 0 0.5em;
  -webkit-text-decoration: none;
  text-decoration: none;
  vertical-align: middle;
}

.emotion-27 *,
.emotion-27 *::before,
.emotion-27 *::after {
  box-sizing: inherit;
}

.emotion-27:focus {
  background-color: #3272d9;
  box-shadow: 0 0 0 1px #ffffff,0 0 0 2px #1d5bbf;
  color: #ffffff;
  -webkit-text-decoration: none;
  text-decoration: none;
}

.emotion-27:hover {
  background-color: #5691f0;
  color: #ffffff;
  -webkit-text-decoration: none;
  text-decoration: none;
}

.emotion-27:focus:active,
.emotion-27:focus:hover {
  border-color: transparent;
}

.emotion-27:active {
  background-color: #1d5bbf;
  border-color: #1d5bbf;
  color: #ffffff;
}

.emotion-27::-moz-focus-inner {
  border: 0;
}

.emotion-27 [role="img"] {
  box-sizing: content-box;
  display: block;
  -webkit-flex-shrink: 0;
  -ms-flex-negative: 0;
  flex-shrink: 0;
}

.emotion-27 [role="img"]:first-child {
  margin-right: 0.5em;
}

.emotion-27 [role="img"]:last-child {
  margin-left: 0.5em;
}

.emotion-27 [role="img"]:only-child {
  margin: 0;
}

<Styled(div)>
  <div
    className="emotion-38"
  >
    <withProps(DemoDialog)>
      <DemoDialog
        closeButtonLabel="close"
        closeOnClickOutside={false}
        closeOnEscape={false}
        disableFocusOnOpen={true}
        disableFocusTrap={true}
        isOpen={true}
        preventCloseButtonClose={true}
        size="medium"
        usePortal={false}
      >
        <DemoDialog
          className="emotion-35"
          closeButtonLabel="close"
          closeOnClickOutside={false}
          closeOnEscape={false}
          disableFocusOnOpen={true}
          disableFocusTrap={true}
          isOpen={true}
          preventCloseButtonClose={true}
          size="medium"
          usePortal={false}
        >
          <WithTheme(Component)
            in={true}
            onEntered={[Function]}
            onExited={[Function]}
            onExiting={[Function]}
          >
            <Component
              in={true}
              onEntered={[Function]}
              onExited={[Function]}
              onExiting={[Function]}
            >
              <Transition
                appear={true}
                enter={true}
                exit={true}
                in={true}
                mountOnEnter={true}
                onEnter={[Function]}
                onEntered={[Function]}
                onEntering={[Function]}
                onExit={[Function]}
                onExited={[Function]}
                onExiting={[Function]}
                timeout={250}
                unmountOnExit={true}
              >
                <Animate
                  state="entering"
                >
                  <div
                    className="emotion-36"
                  >
                    <FocusTrap
                      _createFocusTrap={[Function]}
                      active={false}
                      focusTrapOptions={Object {}}
                      paused={false}
                      tag="div"
                    >
                      <div>
                        <Dialog
                          aria-labelledby="dialog-1-title"
                          aria-modal={true}
                          className="emotion-35"
                          closeButtonLabel="close"
                          disableFocusOnOpen={true}
                          id="dialog-1"
                          innerRef={[Function]}
                          preventCloseButtonClose={true}
                          role="dialog"
                          tabIndex="-1"
                        >
                          <div
                            aria-labelledby="dialog-1-title"
                            aria-modal={true}
                            className="emotion-34"
                            id="dialog-1"
                            role="dialog"
                            tabIndex="-1"
                          >
                            <Overlay>
                              <div
                                className="emotion-0"
                              />
                            </Overlay>
                            <Styled(div)>
                              <div
                                className="emotion-33"
                              >
                                <DialogContent
                                  id="dialog-1-content"
                                  innerRef={[Function]}
                                  role="document"
                                  size="medium"
                                >
                                  <div
                                    className="emotion-32"
                                    id="dialog-1-content"
                                    role="document"
                                  >
                                    <DialogHeader
                                      titleProps={
                                        Object {
                                          "id": "dialog-1-title",
                                          "variant": undefined,
                                        }
                                      }
                                    >
                                      <withProps(DialogHeader)>
                                        <DialogHeader
                                          element="header"
                                        >
                                          <DialogHeader
                                            className="emotion-7"
                                            element="header"
                                          >
                                            <Styled(header)
                                              className="emotion-7"
                                              element="header"
                                            >
                                              <header
                                                className="emotion-6"
                                              >
                                                <WithTheme(DialogTitle)
                                                  id="dialog-1-title"
                                                >
                                                  <DialogTitle
                                                    appearance="h4"
                                                    element="h1"
                                                    id="dialog-1-title"
                                                  >
                                                    <DialogTitle
                                                      appearance="h4"
                                                      element="h1"
                                                    >
                                                      <div
                                                        className="emotion-5"
                                                      >
                                                        <TitleContent
                                                          appearance="h4"
                                                          element="h1"
                                                          noMargins={true}
                                                        >
                                                          <Styled(Text)
                                                            appearance="h4"
                                                            element="h1"
                                                            id="dialog-1-title"
                                                            noMargins={true}
                                                          >
                                                            <Text
                                                              appearance="h4"
                                                              className="emotion-2"
                                                              element="h1"
                                                              id="dialog-1-title"
                                                              noMargins={true}
                                                            >
                                                              <TextProvider
                                                                appearance="h4"
                                                                className="emotion-2"
                                                                element="h1"
                                                                id="dialog-1-title"
                                                                noMargins={true}
                                                              >
                                                                <Styled(h1)
                                                                  appearance="h4"
                                                                  className="emotion-2"
                                                                  element="h1"
                                                                  id="dialog-1-title"
                                                                  noMargins={true}
                                                                >
                                                                  <h1
                                                                    className="emotion-1"
                                                                    id="dialog-1-title"
                                                                  >
                                                                    Title
                                                                  </h1>
                                                                </Styled(h1)>
                                                              </TextProvider>
                                                            </Text>
                                                          </Styled(Text)>
                                                        </TitleContent>
                                                      </div>
                                                    </DialogTitle>
                                                  </DialogTitle>
                                                </WithTheme(DialogTitle)>
                                              </header>
                                            </Styled(header)>
                                          </DialogHeader>
                                        </DialogHeader>
                                      </withProps(DialogHeader)>
                                    </DialogHeader>
                                    <DialogBody>
                                      <DialogBody
                                        element="div"
                                      >
                                        <DialogHeader
                                          className="emotion-20"
                                          element="div"
                                        >
                                          <Styled(div)
                                            className="emotion-20"
                                            element="div"
                                          >
                                            <div
                                              className="emotion-19"
                                            >
                                              <withProps(Styled(WithTheme(Themed(OverflowContainerWithShadows))))>
                                                <Styled(WithTheme(Themed(OverflowContainerWithShadows)))
                                                  scrollY={true}
                                                >
                                                  <WithTheme(Themed(OverflowContainerWithShadows))
                                                    className="emotion-15"
                                                    scrollY={true}
                                                  >
                                                    <Themed(OverflowContainerWithShadows)
                                                      className="emotion-15"
                                                      scrollY={true}
                                                    >
                                                      <ThemeProvider>
                                                        <ThemeProvider>
                                                          <OverflowContainerWithShadows
                                                            className="emotion-15"
                                                            scrollY={true}
                                                          >
                                                            <OverflowContainerWithShadows
                                                              className="emotion-15"
                                                              hasShadowBottom={false}
                                                              hasShadowTop={false}
                                                            >
                                                              <div
                                                                className="emotion-14"
                                                              >
                                                                <Scroller
                                                                  containerRef={[Function]}
                                                                  onScroll={[Function]}
                                                                  scrollY={true}
                                                                >
                                                                  <Scroller
                                                                    className="emotion-10"
                                                                    containerRef={[Function]}
                                                                    onScroll={[Function]}
                                                                    scrollY={true}
                                                                  >
                                                                    <Themed(OverflowContainer)
                                                                      className="emotion-10"
                                                                      containerRef={[Function]}
                                                                      onScroll={[Function]}
                                                                      scrollY={true}
                                                                    >
                                                                      <ThemeProvider>
                                                                        <ThemeProvider>
                                                                          <OverflowContainer
                                                                            className="emotion-10"
                                                                            containerRef={[Function]}
                                                                            onScroll={[Function]}
                                                                            scrollY={true}
                                                                          >
                                                                            <OverflowContainer
                                                                              className="emotion-10"
                                                                              containerRef={[Function]}
                                                                              innerRef={[Function]}
                                                                              onScroll={[Function]}
                                                                              scrollY={true}
                                                                            >
                                                                              <div
                                                                                className="emotion-9"
                                                                                onScroll={[Function]}
                                                                              >
                                                                                <EventListener
                                                                                  listeners={
                                                                                    Array [
                                                                                      Object {
                                                                                        "event": "resize",
                                                                                        "handler": [Function],
                                                                                        "target": "window",
                                                                                      },
                                                                                    ]
                                                                                  }
                                                                                />
                                                                              </div>
                                                                            </OverflowContainer>
                                                                          </OverflowContainer>
                                                                        </ThemeProvider>
                                                                      </ThemeProvider>
                                                                    </Themed(OverflowContainer)>
                                                                  </Scroller>
                                                                </Scroller>
                                                              </div>
                                                            </OverflowContainerWithShadows>
                                                          </OverflowContainerWithShadows>
                                                        </ThemeProvider>
                                                      </ThemeProvider>
                                                    </Themed(OverflowContainerWithShadows)>
                                                  </WithTheme(Themed(OverflowContainerWithShadows))>
                                                </Styled(WithTheme(Themed(OverflowContainerWithShadows)))>
                                              </withProps(Styled(WithTheme(Themed(OverflowContainerWithShadows))))>
                                            </div>
                                          </Styled(div)>
                                        </DialogHeader>
                                      </DialogBody>
                                    </DialogBody>
                                    <DialogFooter>
                                      <withProps(DialogFooter)>
                                        <DialogFooter
                                          element="footer"
                                        >
                                          <DialogHeader
                                            className="emotion-30"
                                            element="footer"
                                          >
                                            <Styled(footer)
                                              className="emotion-30"
                                              element="footer"
                                            >
                                              <footer
                                                className="emotion-29"
                                              >
                                                <DialogActions>
                                                  <DialogActions>
                                                    <div
                                                      className="emotion-28"
                                                    >
                                                      <Button
                                                        element="button"
                                                        key="0"
                                                        minimal={true}
                                                        primary={false}
                                                        size="medium"
                                                        type="button"
                                                      >
                                                        <Button
                                                          element="button"
                                                          minimal={true}
                                                          primary={false}
                                                          size="medium"
                                                          text="Cancel"
                                                          type="button"
                                                        >
                                                          <button
                                                            className="emotion-24"
                                                            type="button"
                                                          >
                                                            <Styled(span)>
                                                              <span
                                                                className="emotion-23"
                                                              >
                                                                <Styled(span)
                                                                  size="medium"
                                                                >
                                                                  <span
                                                                    className="emotion-22"
                                                                  >
                                                                    Cancel
                                                                  </span>
                                                                </Styled(span)>
                                                              </span>
                                                            </Styled(span)>
                                                          </button>
                                                        </Button>
                                                      </Button>
                                                      <Button
                                                        element="button"
                                                        key="1"
                                                        minimal={false}
                                                        primary={true}
                                                        size="medium"
                                                        type="button"
                                                      >
                                                        <Button
                                                          element="button"
                                                          minimal={false}
                                                          primary={true}
                                                          size="medium"
                                                          text="Action"
                                                          type="button"
                                                        >
                                                          <button
                                                            className="emotion-27"
                                                            type="button"
                                                          >
                                                            <Styled(span)>
                                                              <span
                                                                className="emotion-23"
                                                              >
                                                                <Styled(span)
                                                                  size="medium"
                                                                >
                                                                  <span
                                                                    className="emotion-22"
                                                                  >
                                                                    Action
                                                                  </span>
                                                                </Styled(span)>
                                                              </span>
                                                            </Styled(span)>
                                                          </button>
                                                        </Button>
                                                      </Button>
                                                    </div>
                                                  </DialogActions>
                                                </DialogActions>
                                              </footer>
                                            </Styled(footer)>
                                          </DialogHeader>
                                        </DialogFooter>
                                      </withProps(DialogFooter)>
                                    </DialogFooter>
                                  </div>
                                </DialogContent>
                              </div>
                            </Styled(div)>
                          </div>
                        </Dialog>
                      </div>
                    </FocusTrap>
                  </div>
                </Animate>
              </Transition>
            </Component>
          </WithTheme(Component)>
        </DemoDialog>
      </DemoDialog>
    </withProps(DemoDialog)>
  </div>
</Styled(div)>
`;
