// Jest Snapshot v1, https://goo.gl/fbAQLP

exports[`createThemedComponent renders correctly 1`] = `
.glamor-0,
[data-glamor-0] {
  background-color: lavender;
  color: mediumvioletred;
  display: inline-block;
  outline: 1px solid #c8d1e0;
  padding: 0.5em;
}

<ThemeProvider>
  <ThemeProvider
    theme={
      Object {
        "backgroundColor_danger": "#db2929",
        "backgroundColor_danger_active": "#c71818",
        "backgroundColor_danger_focus": "#db2929",
        "backgroundColor_danger_hover": "#eb4d4d",
        "backgroundColor_disabled": "#ebeff5",
        "backgroundColor_input_danger": "#fce3e3",
        "backgroundColor_input_success": "#e8fcf2",
        "backgroundColor_input_warning": "#fcf1dc",
        "backgroundColor_link_focus": "#dde3ed",
        "backgroundColor_success": "#0a8f4c",
        "backgroundColor_success_active": "#06783f",
        "backgroundColor_success_focus": "#0a8f4c",
        "backgroundColor_success_hover": "#10a35a",
        "backgroundColor_warning": "#e05b2b",
        "backgroundColor_warning_active": "#cf4615",
        "backgroundColor_warning_focus": "#e05b2b",
        "backgroundColor_warning_hover": "#ed774c",
        "borderColor": "#c8d1e0",
        "borderColor_active": "#51b3f0",
        "borderColor_danger": "#ad0e0e",
        "borderColor_danger_active": "#7d0606",
        "borderColor_danger_focus": "#c71818",
        "borderColor_danger_hover": "#db2929",
        "borderColor_focus": "#0f75b0",
        "borderColor_hover": "#2f9fe0",
        "borderColor_success": "#0a8f4c",
        "borderColor_success_active": "#046132",
        "borderColor_success_focus": "#06783f",
        "borderColor_success_hover": "#1fc06f",
        "borderColor_warning": "#d19411",
        "borderColor_warning_active": "#916504",
        "borderColor_warning_focus": "#cf4615",
        "borderColor_warning_hover": "#e3a322",
        "borderRadius_1": "0.1875em",
        "color_black": "#1d1f24",
        "color_caption": "#58606e",
        "color_gray_10": "#f5f7fa",
        "color_gray_100": "#333840",
        "color_gray_20": "#ebeff5",
        "color_gray_30": "#dde3ed",
        "color_gray_40": "#c8d1e0",
        "color_gray_50": "#afbacc",
        "color_gray_60": "#8e99ab",
        "color_gray_70": "#707a8a",
        "color_gray_80": "#58606e",
        "color_gray_90": "#434a54",
        "color_placeholder": "#8e99ab",
        "color_text": "#333840",
        "color_text_danger": "#ad0e0e",
        "color_text_danger_active": "#940909",
        "color_text_danger_focus": "#ad0e0e",
        "color_text_danger_hover": "#c71818",
        "color_text_disabled": "#afbacc",
        "color_text_ondanger": "#fff",
        "color_text_onprimary": "#fff",
        "color_text_onsuccess": "#fff",
        "color_text_onwarning": "#fff",
        "color_text_primary": "#0f75b0",
        "color_text_primary_active": "#0a6091",
        "color_text_primary_focus": "#0f75b0",
        "color_text_primary_hover": "#1b8bcc",
        "color_text_success": "#06783f",
        "color_text_success_active": "#046132",
        "color_text_success_focus": "#06783f",
        "color_text_success_hover": "#0a8f4c",
        "color_text_warning": "#bd3909",
        "color_text_warning_active": "#a83207",
        "color_text_warning_focus": "#bd3909",
        "color_text_warning_hover": "#cf4615",
        "color_theme_10": "#e1f3fc",
        "color_theme_100": "#084d75",
        "color_theme_20": "#c0e5fc",
        "color_theme_30": "#9fd9fc",
        "color_theme_40": "#79c7f7",
        "color_theme_50": "#51b3f0",
        "color_theme_60": "#2f9fe0",
        "color_theme_70": "#1b8bcc",
        "color_theme_80": "#0f75b0",
        "color_theme_90": "#0a6091",
        "color_white": "#fff",
        "direction": "ltr",
        "fontFamily": "Open Sans",
        "fontFamily_monospace": "monospace",
        "fontFamily_system": "-apple-system, system-ui, BlinkMacSystemFont, \\"Segoe UI\\", Roboto, Helvetica, Arial, sans-serif, \\"Apple Color Emoji\\", \\"Segoe UI Emoji\\", \\"Segoe UI Symbol\\"",
        "fontSize_base": 16,
        "fontSize_h1": "2.125em",
        "fontSize_h2": "1.75em",
        "fontSize_h3": "1.375em",
        "fontSize_h4": "1.125em",
        "fontSize_h5": "0.875em",
        "fontSize_h6": "0.875em",
        "fontSize_mouse": "0.6875em",
        "fontSize_prose": "1em",
        "fontSize_ui": "0.875em",
        "fontWeight_bold": 700,
        "fontWeight_extraBold": 800,
        "fontWeight_regular": 400,
        "fontWeight_semiBold": 600,
        "lineHeight": 1.25,
        "lineHeight_prose": 1.5,
        "shadow_1": "rgba(0,0,0,0.5) 0 1px 2px",
        "shadow_2": "rgba(0,0,0,0.5) 0 1px 1px, rgba(0,0,0,0.35) 0 2px 4px",
        "shadow_3": "rgba(0,0,0,0.5) 0 1px 1px, rgba(0,0,0,0.25) 0 2px 8px",
        "shadow_4": "rgba(0,0,0,0.5) 0 1px 1px, rgba(0,0,0,0.30) 0 4px 10px",
        "shadow_5": "rgba(0,0,0,0.5) 0 1px 2px, rgba(0,0,0,0.60) 0 15px 15px",
        "size_jumbo": "3.25em",
        "size_large": "2.5em",
        "size_medium": "2em",
        "size_small": "1.5em",
        "spacing_double": "1em",
        "spacing_half": "0.25em",
        "spacing_oneAndAHalf": "0.75em",
        "spacing_quad": "2em",
        "spacing_quarter": "0.125em",
        "spacing_single": "0.5em",
        "spacing_triple": "1.5em",
        "zIndex_100": 100,
        "zIndex_1600": 1600,
        "zIndex_200": 200,
        "zIndex_400": 400,
        "zIndex_800": 800,
      }
    }
  >
    <ThemedComponent>
      <Themed(Sample)
        theme={
          Object {
            "backgroundColor_danger": "#db2929",
            "backgroundColor_danger_active": "#c71818",
            "backgroundColor_danger_focus": "#db2929",
            "backgroundColor_danger_hover": "#eb4d4d",
            "backgroundColor_disabled": "#ebeff5",
            "backgroundColor_input_danger": "#fce3e3",
            "backgroundColor_input_success": "#e8fcf2",
            "backgroundColor_input_warning": "#fcf1dc",
            "backgroundColor_link_focus": "#dde3ed",
            "backgroundColor_success": "#0a8f4c",
            "backgroundColor_success_active": "#06783f",
            "backgroundColor_success_focus": "#0a8f4c",
            "backgroundColor_success_hover": "#10a35a",
            "backgroundColor_warning": "#e05b2b",
            "backgroundColor_warning_active": "#cf4615",
            "backgroundColor_warning_focus": "#e05b2b",
            "backgroundColor_warning_hover": "#ed774c",
            "borderColor": "#c8d1e0",
            "borderColor_active": "#51b3f0",
            "borderColor_danger": "#ad0e0e",
            "borderColor_danger_active": "#7d0606",
            "borderColor_danger_focus": "#c71818",
            "borderColor_danger_hover": "#db2929",
            "borderColor_focus": "#0f75b0",
            "borderColor_hover": "#2f9fe0",
            "borderColor_success": "#0a8f4c",
            "borderColor_success_active": "#046132",
            "borderColor_success_focus": "#06783f",
            "borderColor_success_hover": "#1fc06f",
            "borderColor_warning": "#d19411",
            "borderColor_warning_active": "#916504",
            "borderColor_warning_focus": "#cf4615",
            "borderColor_warning_hover": "#e3a322",
            "borderRadius_1": "0.1875em",
            "color_black": "#1d1f24",
            "color_caption": "#58606e",
            "color_gray_10": "#f5f7fa",
            "color_gray_100": "#333840",
            "color_gray_20": "#ebeff5",
            "color_gray_30": "#dde3ed",
            "color_gray_40": "#c8d1e0",
            "color_gray_50": "#afbacc",
            "color_gray_60": "#8e99ab",
            "color_gray_70": "#707a8a",
            "color_gray_80": "#58606e",
            "color_gray_90": "#434a54",
            "color_placeholder": "#8e99ab",
            "color_text": "#333840",
            "color_text_danger": "#ad0e0e",
            "color_text_danger_active": "#940909",
            "color_text_danger_focus": "#ad0e0e",
            "color_text_danger_hover": "#c71818",
            "color_text_disabled": "#afbacc",
            "color_text_ondanger": "#fff",
            "color_text_onprimary": "#fff",
            "color_text_onsuccess": "#fff",
            "color_text_onwarning": "#fff",
            "color_text_primary": "#0f75b0",
            "color_text_primary_active": "#0a6091",
            "color_text_primary_focus": "#0f75b0",
            "color_text_primary_hover": "#1b8bcc",
            "color_text_success": "#06783f",
            "color_text_success_active": "#046132",
            "color_text_success_focus": "#06783f",
            "color_text_success_hover": "#0a8f4c",
            "color_text_warning": "#bd3909",
            "color_text_warning_active": "#a83207",
            "color_text_warning_focus": "#bd3909",
            "color_text_warning_hover": "#cf4615",
            "color_theme_10": "#e1f3fc",
            "color_theme_100": "#084d75",
            "color_theme_20": "#c0e5fc",
            "color_theme_30": "#9fd9fc",
            "color_theme_40": "#79c7f7",
            "color_theme_50": "#51b3f0",
            "color_theme_60": "#2f9fe0",
            "color_theme_70": "#1b8bcc",
            "color_theme_80": "#0f75b0",
            "color_theme_90": "#0a6091",
            "color_white": "#fff",
            "direction": "ltr",
            "fontFamily": "Open Sans",
            "fontFamily_monospace": "monospace",
            "fontFamily_system": "-apple-system, system-ui, BlinkMacSystemFont, \\"Segoe UI\\", Roboto, Helvetica, Arial, sans-serif, \\"Apple Color Emoji\\", \\"Segoe UI Emoji\\", \\"Segoe UI Symbol\\"",
            "fontSize_base": 16,
            "fontSize_h1": "2.125em",
            "fontSize_h2": "1.75em",
            "fontSize_h3": "1.375em",
            "fontSize_h4": "1.125em",
            "fontSize_h5": "0.875em",
            "fontSize_h6": "0.875em",
            "fontSize_mouse": "0.6875em",
            "fontSize_prose": "1em",
            "fontSize_ui": "0.875em",
            "fontWeight_bold": 700,
            "fontWeight_extraBold": 800,
            "fontWeight_regular": 400,
            "fontWeight_semiBold": 600,
            "lineHeight": 1.25,
            "lineHeight_prose": 1.5,
            "shadow_1": "rgba(0,0,0,0.5) 0 1px 2px",
            "shadow_2": "rgba(0,0,0,0.5) 0 1px 1px, rgba(0,0,0,0.35) 0 2px 4px",
            "shadow_3": "rgba(0,0,0,0.5) 0 1px 1px, rgba(0,0,0,0.25) 0 2px 8px",
            "shadow_4": "rgba(0,0,0,0.5) 0 1px 1px, rgba(0,0,0,0.30) 0 4px 10px",
            "shadow_5": "rgba(0,0,0,0.5) 0 1px 2px, rgba(0,0,0,0.60) 0 15px 15px",
            "size_jumbo": "3.25em",
            "size_large": "2.5em",
            "size_medium": "2em",
            "size_small": "1.5em",
            "spacing_double": "1em",
            "spacing_half": "0.25em",
            "spacing_oneAndAHalf": "0.75em",
            "spacing_quad": "2em",
            "spacing_quarter": "0.125em",
            "spacing_single": "0.5em",
            "spacing_triple": "1.5em",
            "zIndex_100": 100,
            "zIndex_1600": 1600,
            "zIndex_200": 200,
            "zIndex_400": 400,
            "zIndex_800": 800,
          }
        }
      >
        <ThemeProvider
          theme={
            Object {
              "color_primary": "mediumvioletred",
            }
          }
        >
          <ThemeProvider
            theme={
              Object {
                "color_primary": "mediumvioletred",
              }
            }
          >
            <Sample
              theme={
                Object {
                  "backgroundColor_danger": "#db2929",
                  "backgroundColor_danger_active": "#c71818",
                  "backgroundColor_danger_focus": "#db2929",
                  "backgroundColor_danger_hover": "#eb4d4d",
                  "backgroundColor_disabled": "#ebeff5",
                  "backgroundColor_input_danger": "#fce3e3",
                  "backgroundColor_input_success": "#e8fcf2",
                  "backgroundColor_input_warning": "#fcf1dc",
                  "backgroundColor_link_focus": "#dde3ed",
                  "backgroundColor_success": "#0a8f4c",
                  "backgroundColor_success_active": "#06783f",
                  "backgroundColor_success_focus": "#0a8f4c",
                  "backgroundColor_success_hover": "#10a35a",
                  "backgroundColor_warning": "#e05b2b",
                  "backgroundColor_warning_active": "#cf4615",
                  "backgroundColor_warning_focus": "#e05b2b",
                  "backgroundColor_warning_hover": "#ed774c",
                  "borderColor": "#c8d1e0",
                  "borderColor_active": "#51b3f0",
                  "borderColor_danger": "#ad0e0e",
                  "borderColor_danger_active": "#7d0606",
                  "borderColor_danger_focus": "#c71818",
                  "borderColor_danger_hover": "#db2929",
                  "borderColor_focus": "#0f75b0",
                  "borderColor_hover": "#2f9fe0",
                  "borderColor_success": "#0a8f4c",
                  "borderColor_success_active": "#046132",
                  "borderColor_success_focus": "#06783f",
                  "borderColor_success_hover": "#1fc06f",
                  "borderColor_warning": "#d19411",
                  "borderColor_warning_active": "#916504",
                  "borderColor_warning_focus": "#cf4615",
                  "borderColor_warning_hover": "#e3a322",
                  "borderRadius_1": "0.1875em",
                  "color_black": "#1d1f24",
                  "color_caption": "#58606e",
                  "color_gray_10": "#f5f7fa",
                  "color_gray_100": "#333840",
                  "color_gray_20": "#ebeff5",
                  "color_gray_30": "#dde3ed",
                  "color_gray_40": "#c8d1e0",
                  "color_gray_50": "#afbacc",
                  "color_gray_60": "#8e99ab",
                  "color_gray_70": "#707a8a",
                  "color_gray_80": "#58606e",
                  "color_gray_90": "#434a54",
                  "color_placeholder": "#8e99ab",
                  "color_text": "#333840",
                  "color_text_danger": "#ad0e0e",
                  "color_text_danger_active": "#940909",
                  "color_text_danger_focus": "#ad0e0e",
                  "color_text_danger_hover": "#c71818",
                  "color_text_disabled": "#afbacc",
                  "color_text_ondanger": "#fff",
                  "color_text_onprimary": "#fff",
                  "color_text_onsuccess": "#fff",
                  "color_text_onwarning": "#fff",
                  "color_text_primary": "#0f75b0",
                  "color_text_primary_active": "#0a6091",
                  "color_text_primary_focus": "#0f75b0",
                  "color_text_primary_hover": "#1b8bcc",
                  "color_text_success": "#06783f",
                  "color_text_success_active": "#046132",
                  "color_text_success_focus": "#06783f",
                  "color_text_success_hover": "#0a8f4c",
                  "color_text_warning": "#bd3909",
                  "color_text_warning_active": "#a83207",
                  "color_text_warning_focus": "#bd3909",
                  "color_text_warning_hover": "#cf4615",
                  "color_theme_10": "#e1f3fc",
                  "color_theme_100": "#084d75",
                  "color_theme_20": "#c0e5fc",
                  "color_theme_30": "#9fd9fc",
                  "color_theme_40": "#79c7f7",
                  "color_theme_50": "#51b3f0",
                  "color_theme_60": "#2f9fe0",
                  "color_theme_70": "#1b8bcc",
                  "color_theme_80": "#0f75b0",
                  "color_theme_90": "#0a6091",
                  "color_white": "#fff",
                  "direction": "ltr",
                  "fontFamily": "Open Sans",
                  "fontFamily_monospace": "monospace",
                  "fontFamily_system": "-apple-system, system-ui, BlinkMacSystemFont, \\"Segoe UI\\", Roboto, Helvetica, Arial, sans-serif, \\"Apple Color Emoji\\", \\"Segoe UI Emoji\\", \\"Segoe UI Symbol\\"",
                  "fontSize_base": 16,
                  "fontSize_h1": "2.125em",
                  "fontSize_h2": "1.75em",
                  "fontSize_h3": "1.375em",
                  "fontSize_h4": "1.125em",
                  "fontSize_h5": "0.875em",
                  "fontSize_h6": "0.875em",
                  "fontSize_mouse": "0.6875em",
                  "fontSize_prose": "1em",
                  "fontSize_ui": "0.875em",
                  "fontWeight_bold": 700,
                  "fontWeight_extraBold": 800,
                  "fontWeight_regular": 400,
                  "fontWeight_semiBold": 600,
                  "lineHeight": 1.25,
                  "lineHeight_prose": 1.5,
                  "shadow_1": "rgba(0,0,0,0.5) 0 1px 2px",
                  "shadow_2": "rgba(0,0,0,0.5) 0 1px 1px, rgba(0,0,0,0.35) 0 2px 4px",
                  "shadow_3": "rgba(0,0,0,0.5) 0 1px 1px, rgba(0,0,0,0.25) 0 2px 8px",
                  "shadow_4": "rgba(0,0,0,0.5) 0 1px 1px, rgba(0,0,0,0.30) 0 4px 10px",
                  "shadow_5": "rgba(0,0,0,0.5) 0 1px 2px, rgba(0,0,0,0.60) 0 15px 15px",
                  "size_jumbo": "3.25em",
                  "size_large": "2.5em",
                  "size_medium": "2em",
                  "size_small": "1.5em",
                  "spacing_double": "1em",
                  "spacing_half": "0.25em",
                  "spacing_oneAndAHalf": "0.75em",
                  "spacing_quad": "2em",
                  "spacing_quarter": "0.125em",
                  "spacing_single": "0.5em",
                  "spacing_triple": "1.5em",
                  "zIndex_100": 100,
                  "zIndex_1600": 1600,
                  "zIndex_200": 200,
                  "zIndex_400": 400,
                  "zIndex_800": 800,
                }
              }
            >
              <glamorous(span)>
                <span
                  className="glamor-0"
                >
                  Sample
                </span>
              </glamorous(span)>
            </Sample>
          </ThemeProvider>
        </ThemeProvider>
      </Themed(Sample)>
    </ThemedComponent>
  </ThemeProvider>
</ThemeProvider>
`;
