// Jest Snapshot v1, https://goo.gl/fbAQLP

exports[`ThemeProvider demo examples theme-provider 1`] = `
.css-0,
[data-css-0] {
  font-family: Open Sans;
}

.css-0 > *,
[data-css-0] > * {
  margin-right: 0.5rem;
}

.css-1,
[data-css-1] {
  background-color: lavender;
  color: tomato;
  display: inline-block;
  outline: 1px solid #c8d1e0;
  padding: 0.5em;
}

<glamorous(div)>
  <div
    className="css-0"
  >
    <ThemeProvider
      theme={
        Object {
          "color_text": "tomato",
        }
      }
    >
      <ThemeProvider
        theme={
          Object {
            "color_text": "tomato",
          }
        }
      >
        <Sample>
          <glamorous(span)>
            <span
              className="css-1"
            >
              Sample
            </span>
          </glamorous(span)>
        </Sample>
      </ThemeProvider>
    </ThemeProvider>
  </div>
</glamorous(div)>
`;

exports[`ThemeProvider merges nested theme variables 1`] = `
.css-0,
[data-css-0] {
  background-color: lavender;
  color: tomato;
  display: inline-block;
  outline: 1px solid undefined;
}

<ThemeProvider
  theme={
    Object {
      "color_text": "black",
    }
  }
>
  <ThemeProvider
    theme={
      Object {
        "color_text": "black",
      }
    }
  >
    <ThemeProvider
      theme={
        Object {
          "color_text": "tomato",
        }
      }
    >
      <ThemeProvider
        theme={
          Object {
            "color_text": "tomato",
          }
        }
      >
        <Sample>
          <glamorous(span)>
            <span
              className="css-0"
            >
              Sample
            </span>
          </glamorous(span)>
        </Sample>
      </ThemeProvider>
    </ThemeProvider>
  </ThemeProvider>
</ThemeProvider>
`;

exports[`ThemeProvider merges themes instead of overriding 1`] = `
.css-0,
[data-css-0] {
  background-color: lavender;
  color: black;
  display: inline-block;
  outline: 1px solid undefined;
}

<ThemeProvider
  theme={
    Object {
      "color_text": "black",
    }
  }
>
  <ThemeProvider
    theme={
      Object {
        "color_text": "black",
      }
    }
  >
    <ThemeProvider
      theme={
        Object {
          "color_text_warning": "tomato",
        }
      }
    >
      <ThemeProvider
        theme={
          Object {
            "color_text_warning": "tomato",
          }
        }
      >
        <Sample>
          <glamorous(span)>
            <span
              className="css-0"
            >
              Sample
            </span>
          </glamorous(span)>
        </Sample>
      </ThemeProvider>
    </ThemeProvider>
  </ThemeProvider>
</ThemeProvider>
`;

exports[`ThemeProvider renders correctly with default theme 1`] = `
.css-0,
[data-css-0] {
  background-color: lavender;
  color: #333840;
  display: inline-block;
  outline: 1px solid #c8d1e0;
  padding: 0.5em;
}

<ThemeProvider>
  <ThemeProvider
    theme={
      Object {
        "backgroundColor_danger": "#db2929",
        "backgroundColor_danger_active": "#c71818",
        "backgroundColor_danger_activeMuted": "#f79999",
        "backgroundColor_danger_focus": "#db2929",
        "backgroundColor_danger_hover": "#eb4d4d",
        "backgroundColor_danger_muted": "#fabebe",
        "backgroundColor_disabled": "#ebeff5",
        "backgroundColor_input": "#fff",
        "backgroundColor_link_focus": "#dde3ed",
        "backgroundColor_success": "#0a8f4c",
        "backgroundColor_success_active": "#06783f",
        "backgroundColor_success_activeMuted": "#95f5c3",
        "backgroundColor_success_focus": "#0a8f4c",
        "backgroundColor_success_hover": "#10a35a",
        "backgroundColor_success_muted": "#c0fadc",
        "backgroundColor_warning": "#e05b2b",
        "backgroundColor_warning_active": "#cf4615",
        "backgroundColor_warning_activeMuted": "#fab69d",
        "backgroundColor_warning_focus": "#e05b2b",
        "backgroundColor_warning_hover": "#ed774c",
        "backgroundColor_warning_muted": "#fcd0c0",
        "borderColor": "#c8d1e0",
        "borderColor_active": "#2e6fd9",
        "borderColor_danger": "#db2929",
        "borderColor_danger_active": "#c71818",
        "borderColor_danger_focus": "#c71818",
        "borderColor_danger_hover": "#c71818",
        "borderColor_danger_muted": "#f27474",
        "borderColor_focus": "#2e6fd9",
        "borderColor_hover": "#2e6fd9",
        "borderColor_success": "#10a35a",
        "borderColor_success_active": "#0a8f4c",
        "borderColor_success_focus": "#0a8f4c",
        "borderColor_success_hover": "#0a8f4c",
        "borderColor_success_muted": "#67eba7",
        "borderColor_warning": "#e05b2b",
        "borderColor_warning_active": "#cf4615",
        "borderColor_warning_focus": "#cf4615",
        "borderColor_warning_hover": "#cf4615",
        "borderColor_warning_muted": "#f59776",
        "borderRadius_1": "0.1875em",
        "breakpoint_medium": 768,
        "breakpoint_narrow": 512,
        "breakpoint_wide": 1024,
        "color_black": "#1d1f24",
        "color_caption": "#58606e",
        "color_gray_10": "#f5f7fa",
        "color_gray_100": "#333840",
        "color_gray_20": "#ebeff5",
        "color_gray_30": "#dde3ed",
        "color_gray_40": "#c8d1e0",
        "color_gray_50": "#afbacc",
        "color_gray_60": "#8e99ab",
        "color_gray_70": "#707a8a",
        "color_gray_80": "#58606e",
        "color_gray_90": "#434a54",
        "color_placeholder": "#8e99ab",
        "color_text": "#333840",
        "color_text_danger": "#db2929",
        "color_text_danger_active": "#c71818",
        "color_text_danger_focus": "#db2929",
        "color_text_danger_hover": "#eb4d4d",
        "color_text_disabled": "#afbacc",
        "color_text_ondanger": "#fff",
        "color_text_onprimary": "#fff",
        "color_text_onsuccess": "#fff",
        "color_text_onwarning": "#fff",
        "color_text_primary": "#2e6fd9",
        "color_text_primary_active": "#1f5dc2",
        "color_text_primary_focus": "#2e6fd9",
        "color_text_primary_hover": "#4a89e8",
        "color_text_success": "#06783f",
        "color_text_success_active": "#046132",
        "color_text_success_focus": "#06783f",
        "color_text_success_hover": "#0a8f4c",
        "color_text_warning": "#cf4615",
        "color_text_warning_active": "#bd3909",
        "color_text_warning_focus": "#cf4615",
        "color_text_warning_hover": "#e05b2b",
        "color_theme_10": "#e6eefc",
        "color_theme_100": "#0f397d",
        "color_theme_20": "#c2dbfc",
        "color_theme_30": "#9dc2fa",
        "color_theme_40": "#72a5f2",
        "color_theme_50": "#4a89e8",
        "color_theme_60": "#2e6fd9",
        "color_theme_70": "#1f5dc2",
        "color_theme_80": "#164ea8",
        "color_theme_90": "#114091",
        "color_white": "#fff",
        "direction": "ltr",
        "fontFamily": "Open Sans",
        "fontFamily_monospace": "\\"SF Mono\\", \\"Droid Sans Mono\\", \\"Source Code Pro\\", Monaco, Consolas, \\"Courier New\\", Courier, monospace",
        "fontFamily_system": "-apple-system, system-ui, BlinkMacSystemFont, \\"Segoe UI\\", Roboto, Helvetica, Arial, sans-serif, \\"Apple Color Emoji\\", \\"Segoe UI Emoji\\", \\"Segoe UI Symbol\\"",
        "fontSize_base": 16,
        "fontSize_h1": "2.125em",
        "fontSize_h2": "1.75em",
        "fontSize_h3": "1.375em",
        "fontSize_h4": "1.125em",
        "fontSize_h5": "0.875em",
        "fontSize_h6": "0.875em",
        "fontSize_mouse": "0.6875em",
        "fontSize_prose": "1em",
        "fontSize_ui": "0.875em",
        "fontWeight_bold": 700,
        "fontWeight_extraBold": 800,
        "fontWeight_regular": 400,
        "fontWeight_semiBold": 600,
        "lineHeight": 1.25,
        "lineHeight_prose": 1.5,
        "shadow_1": "0 1px 2px 0 rgba(0,0,0,0.2), 0 2px 4px 0 rgba(0,0,0,0.2)",
        "shadow_2": "0 2px 4px 0 rgba(0,0,0,0.2), 0 4px 8px 0 rgba(0,0,0,0.2)",
        "shadow_3": "0 4px 8px 0 rgba(0,0,0,0.2), 0 8px 16px 0 rgba(0,0,0,0.2)",
        "shadow_4": "0 8px 16px 0 rgba(0,0,0,0.2), 0 20px 16px -8px rgba(0,0,0,0.2)",
        "shadow_5": "0 16px 24px 0 rgba(0,0,0,0.2), 0 32px 24px -16px rgba(0,0,0,0.2)",
        "size_jumbo": "3.25em",
        "size_large": "2.5em",
        "size_medium": "2em",
        "size_small": "1.5em",
        "space_inline_lg": "1.5em",
        "space_inline_md": "1em",
        "space_inline_sm": "0.5em",
        "space_inline_xl": "2em",
        "space_inline_xs": "0.25em",
        "space_inline_xxl": "4em",
        "space_inline_xxs": "0.125em",
        "space_inset_lg": "1.5em",
        "space_inset_md": "1em",
        "space_inset_sm": "0.5em",
        "space_stack_lg": "1.5em",
        "space_stack_md": "1em",
        "space_stack_sm": "0.5em",
        "space_stack_xl": "2em",
        "space_stack_xs": "0.25em",
        "space_stack_xxl": "4em",
        "space_stack_xxs": "0.125em",
        "zIndex_100": 100,
        "zIndex_1600": 1600,
        "zIndex_200": 200,
        "zIndex_400": 400,
        "zIndex_800": 800,
      }
    }
  >
    <Sample>
      <glamorous(span)>
        <span
          className="css-0"
        >
          Sample
        </span>
      </glamorous(span)>
    </Sample>
  </ThemeProvider>
</ThemeProvider>
`;
