// Jest Snapshot v1, https://goo.gl/fbAQLP

exports[`OverflowContainer applies tabIndex=0 when scrollable 1`] = `"<div class=\\"css-oq2iuk-OverflowContainer\\" tabindex=\\"0\\"></div>"`;
