// Jest Snapshot v1, https://goo.gl/fbAQLP

exports[`World renders correctly 1`] = `
<span>
  World
</span>
`;
