// Jest Snapshot v1, https://goo.gl/fbAQLP

exports[`App renders correctly 1`] = `
<div>
  <h1>
    Site
  </h1>
  <Basic />
</div>
`;
